Archive member included to satisfy reference by file (symbol)

d:/rt-threadstudio/rt-threadstudio/repo/extract/toolchain_support_packages/arm/gnu_tools_for_arm_embedded_processors/5.4.1/bin/../lib/gcc/arm-none-eabi/5.4.1/../../../../arm-none-eabi/lib/armv7e-m/fpu\libc.a(lib_a-atoi.o)
                              ./rt-thread/components/drivers/misc/rt_drv_pwm.o (atoi)
d:/rt-threadstudio/rt-threadstudio/repo/extract/toolchain_support_packages/arm/gnu_tools_for_arm_embedded_processors/5.4.1/bin/../lib/gcc/arm-none-eabi/5.4.1/../../../../arm-none-eabi/lib/armv7e-m/fpu\libc.a(lib_a-exit.o)
                              d:/rt-threadstudio/rt-threadstudio/repo/extract/toolchain_support_packages/arm/gnu_tools_for_arm_embedded_processors/5.4.1/bin/../lib/gcc/arm-none-eabi/5.4.1/../../../../arm-none-eabi/lib/armv7e-m/fpu/crt0.o (exit)
d:/rt-threadstudio/rt-threadstudio/repo/extract/toolchain_support_packages/arm/gnu_tools_for_arm_embedded_processors/5.4.1/bin/../lib/gcc/arm-none-eabi/5.4.1/../../../../arm-none-eabi/lib/armv7e-m/fpu\libc.a(lib_a-fclose.o)
                              ./rt-thread/components/libc/compilers/gcc/newlib/stdio.o (fclose)
d:/rt-threadstudio/rt-threadstudio/repo/extract/toolchain_support_packages/arm/gnu_tools_for_arm_embedded_processors/5.4.1/bin/../lib/gcc/arm-none-eabi/5.4.1/../../../../arm-none-eabi/lib/armv7e-m/fpu\libc.a(lib_a-fflush.o)
                              d:/rt-threadstudio/rt-threadstudio/repo/extract/toolchain_support_packages/arm/gnu_tools_for_arm_embedded_processors/5.4.1/bin/../lib/gcc/arm-none-eabi/5.4.1/../../../../arm-none-eabi/lib/armv7e-m/fpu\libc.a(lib_a-fclose.o) (__sflush_r)
d:/rt-threadstudio/rt-threadstudio/repo/extract/toolchain_support_packages/arm/gnu_tools_for_arm_embedded_processors/5.4.1/bin/../lib/gcc/arm-none-eabi/5.4.1/../../../../arm-none-eabi/lib/armv7e-m/fpu\libc.a(lib_a-fileno.o)
                              ./rt-thread/components/libc/compilers/gcc/newlib/stdio.o (fileno)
d:/rt-threadstudio/rt-threadstudio/repo/extract/toolchain_support_packages/arm/gnu_tools_for_arm_embedded_processors/5.4.1/bin/../lib/gcc/arm-none-eabi/5.4.1/../../../../arm-none-eabi/lib/armv7e-m/fpu\libc.a(lib_a-findfp.o)
                              d:/rt-threadstudio/rt-threadstudio/repo/extract/toolchain_support_packages/arm/gnu_tools_for_arm_embedded_processors/5.4.1/bin/../lib/gcc/arm-none-eabi/5.4.1/../../../../arm-none-eabi/lib/armv7e-m/fpu\libc.a(lib_a-fclose.o) (__sinit)
d:/rt-threadstudio/rt-threadstudio/repo/extract/toolchain_support_packages/arm/gnu_tools_for_arm_embedded_processors/5.4.1/bin/../lib/gcc/arm-none-eabi/5.4.1/../../../../arm-none-eabi/lib/armv7e-m/fpu\libc.a(lib_a-fopen.o)
                              ./rt-thread/components/libc/compilers/gcc/newlib/stdio.o (fopen)
d:/rt-threadstudio/rt-threadstudio/repo/extract/toolchain_support_packages/arm/gnu_tools_for_arm_embedded_processors/5.4.1/bin/../lib/gcc/arm-none-eabi/5.4.1/../../../../arm-none-eabi/lib/armv7e-m/fpu\libc.a(lib_a-fseek.o)
                              d:/rt-threadstudio/rt-threadstudio/repo/extract/toolchain_support_packages/arm/gnu_tools_for_arm_embedded_processors/5.4.1/bin/../lib/gcc/arm-none-eabi/5.4.1/../../../../arm-none-eabi/lib/armv7e-m/fpu\libc.a(lib_a-fopen.o) (_fseek_r)
d:/rt-threadstudio/rt-threadstudio/repo/extract/toolchain_support_packages/arm/gnu_tools_for_arm_embedded_processors/5.4.1/bin/../lib/gcc/arm-none-eabi/5.4.1/../../../../arm-none-eabi/lib/armv7e-m/fpu\libc.a(lib_a-fseeko.o)
                              d:/rt-threadstudio/rt-threadstudio/repo/extract/toolchain_support_packages/arm/gnu_tools_for_arm_embedded_processors/5.4.1/bin/../lib/gcc/arm-none-eabi/5.4.1/../../../../arm-none-eabi/lib/armv7e-m/fpu\libc.a(lib_a-fseek.o) (_fseeko_r)
d:/rt-threadstudio/rt-threadstudio/repo/extract/toolchain_support_packages/arm/gnu_tools_for_arm_embedded_processors/5.4.1/bin/../lib/gcc/arm-none-eabi/5.4.1/../../../../arm-none-eabi/lib/armv7e-m/fpu\libc.a(lib_a-fwalk.o)
                              d:/rt-threadstudio/rt-threadstudio/repo/extract/toolchain_support_packages/arm/gnu_tools_for_arm_embedded_processors/5.4.1/bin/../lib/gcc/arm-none-eabi/5.4.1/../../../../arm-none-eabi/lib/armv7e-m/fpu\libc.a(lib_a-findfp.o) (_fwalk)
d:/rt-threadstudio/rt-threadstudio/repo/extract/toolchain_support_packages/arm/gnu_tools_for_arm_embedded_processors/5.4.1/bin/../lib/gcc/arm-none-eabi/5.4.1/../../../../arm-none-eabi/lib/armv7e-m/fpu\libc.a(lib_a-impure.o)
                              ./rt-thread/components/libc/compilers/gcc/newlib/stdio.o (_global_impure_ptr)
d:/rt-threadstudio/rt-threadstudio/repo/extract/toolchain_support_packages/arm/gnu_tools_for_arm_embedded_processors/5.4.1/bin/../lib/gcc/arm-none-eabi/5.4.1/../../../../arm-none-eabi/lib/armv7e-m/fpu\libc.a(lib_a-makebuf.o)
[...]
Memory Configuration

Name             Origin             Length             Attributes
CODE             0x08000000         0x00040000         xr
DATA             0x20000000         0x00010000         rw
*default*        0x00000000         0xffffffff

Linker script and memory map

LOAD d:/rt-threadstudio/rt-threadstudio/repo/extract/toolchain_support_packages/arm/gnu_tools_for_arm_embedded_processors/5.4.1/bin/../lib/gcc/arm-none-eabi/5.4.1/armv7e-m/fpu/crti.o
LOAD d:/rt-threadstudio/rt-threadstudio/repo/extract/toolchain_support_packages/arm/gnu_tools_for_arm_embedded_processors/5.4.1/bin/../lib/gcc/arm-none-eabi/5.4.1/armv7e-m/fpu/crtbegin.o
LOAD d:/rt-threadstudio/rt-threadstudio/repo/extract/toolchain_support_packages/arm/gnu_tools_for_arm_embedded_processors/5.4.1/bin/../lib/gcc/arm-none-eabi/5.4.1/../../../../arm-none-eabi/lib/armv7e-m/fpu/crt0.o
LOAD ./rt-thread/src/clock.o
LOAD ./rt-thread/src/components.o
LOAD ./rt-thread/src/device.o
LOAD ./rt-thread/src/idle.o
LOAD ./rt-thread/src/ipc.o
LOAD ./rt-thread/src/irq.o
LOAD ./rt-thread/src/kservice.o
LOAD ./rt-thread/src/mem.o
LOAD ./rt-thread/src/mempool.o
LOAD ./rt-thread/src/object.o
LOAD ./rt-thread/src/scheduler.o
LOAD ./rt-thread/src/thread.o
LOAD ./rt-thread/src/timer.o
LOAD ./rt-thread/libcpu/arm/cortex-m4/context_gcc.o
LOAD ./rt-thread/libcpu/arm/cortex-m4/cpuport.o
LOAD ./rt-thread/libcpu/arm/common/backtrace.o
LOAD ./rt-thread/libcpu/arm/common/div0.o
LOAD ./rt-thread/libcpu/arm/common/showmem.o
LOAD ./rt-thread/components/libc/compilers/gcc/newlib/libc.o
LOAD ./rt-thread/components/libc/compilers/gcc/newlib/stdio.o
LOAD ./rt-thread/components/libc/compilers/gcc/newlib/syscalls.o
LOAD ./rt-thread/components/libc/compilers/common/stdlib.o
LOAD ./rt-thread/components/libc/compilers/common/time.o
LOAD ./rt-thread/components/finsh/cmd.o
LOAD ./rt-thread/components/finsh/msh.o
LOAD ./rt-thread/components/finsh/shell.o
LOAD ./rt-thread/components/drivers/src/completion.o
LOAD ./rt-thread/components/drivers/src/dataqueue.o
LOAD ./rt-thread/components/drivers/src/pipe.o
LOAD ./rt-thread/components/drivers/src/ringblk_buf.o
LOAD ./rt-thread/components/drivers/src/ringbuffer.o
LOAD ./rt-thread/components/drivers/src/waitqueue.o
LOAD ./rt-thread/components/drivers/src/workqueue.o
LOAD ./rt-thread/components/drivers/spi/spi_core.o
LOAD ./rt-thread/components/drivers/spi/spi_dev.o
LOAD ./rt-thread/components/drivers/serial/serial.o
LOAD ./rt-thread/components/drivers/misc/pin.o
LOAD ./rt-thread/components/drivers/misc/rt_drv_pwm.o
LOAD ./board/msp/n32_msp.o
LOAD ./board/board.o
LOAD ./applications/spi/spi.o
LOAD ./applications/led/led.o
LOAD ./applications/lcd/lcd.o
LOAD ./applications/main.o
LOAD ./Libraries/rt_drivers/drv_common.o
LOAD ./Libraries/rt_drivers/drv_gpio.o
LOAD ./Libraries/rt_drivers/drv_pwm.o
LOAD ./Libraries/rt_drivers/drv_usart.o
LOAD ./Libraries/N32_Std_Driver/n32g45x_std_periph_driver/src/misc.o
LOAD ./Libraries/N32_Std_Driver/n32g45x_std_periph_driver/src/n32g45x_adc.o
LOAD ./Libraries/N32_Std_Driver/n32g45x_std_periph_driver/src/n32g45x_bkp.o
LOAD ./Libraries/N32_Std_Driver/n32g45x_std_periph_driver/src/n32g45x_can.o
LOAD ./Libraries/N32_Std_Driver/n32g45x_std_periph_driver/src/n32g45x_comp.o
LOAD ./Libraries/N32_Std_Driver/n32g45x_std_periph_driver/src/n32g45x_crc.o
LOAD ./Libraries/N32_Std_Driver/n32g45x_std_periph_driver/src/n32g45x_dac.o
LOAD ./Libraries/N32_Std_Driver/n32g45x_std_periph_driver/src/n32g45x_dbg.o
LOAD ./Libraries/N32_Std_Driver/n32g45x_std_periph_driver/src/n32g45x_dma.o
LOAD ./Libraries/N32_Std_Driver/n32g45x_std_periph_driver/src/n32g45x_dvp.o
LOAD ./Libraries/N32_Std_Driver/n32g45x_std_periph_driver/src/n32g45x_eth.o
LOAD ./Libraries/N32_Std_Driver/n32g45x_std_periph_driver/src/n32g45x_exti.o
LOAD ./Libraries/N32_Std_Driver/n32g45x_std_periph_driver/src/n32g45x_flash.o
LOAD ./Libraries/N32_Std_Driver/n32g45x_std_periph_driver/src/n32g45x_gpio.o
LOAD ./Libraries/N32_Std_Driver/n32g45x_std_periph_driver/src/n32g45x_i2c.o
LOAD ./Libraries/N32_Std_Driver/n32g45x_std_periph_driver/src/n32g45x_iwdg.o
LOAD ./Libraries/N32_Std_Driver/n32g45x_std_periph_driver/src/n32g45x_opamp.o
LOAD ./Libraries/N32_Std_Driver/n32g45x_std_periph_driver/src/n32g45x_pwr.o
LOAD ./Libraries/N32_Std_Driver/n32g45x_std_periph_driver/src/n32g45x_qspi.o
LOAD ./Libraries/N32_Std_Driver/n32g45x_std_periph_driver/src/n32g45x_rcc.o
LOAD ./Libraries/N32_Std_Driver/n32g45x_std_periph_driver/src/n32g45x_rtc.o
LOAD ./Libraries/N32_Std_Driver/n32g45x_std_periph_driver/src/n32g45x_sdio.o
LOAD ./Libraries/N32_Std_Driver/n32g45x_std_periph_driver/src/n32g45x_spi.o
LOAD ./Libraries/N32_Std_Driver/n32g45x_std_periph_driver/src/n32g45x_tim.o
LOAD ./Libraries/N32_Std_Driver/n32g45x_std_periph_driver/src/n32g45x_tsc.o
LOAD ./Libraries/N32_Std_Driver/n32g45x_std_periph_driver/src/n32g45x_usart.o
LOAD ./Libraries/N32_Std_Driver/n32g45x_std_periph_driver/src/n32g45x_wwdg.o
LOAD ./Libraries/N32_Std_Driver/n32g45x_std_periph_driver/src/n32g45x_xfmc.o
LOAD ./Libraries/N32_Std_Driver/CMSIS/device/startup/startup_n32g45x_gcc.o
LOAD ./Libraries/N32_Std_Driver/CMSIS/device/system_n32g45x.o
LOAD d:/rt-threadstudio/rt-threadstudio/repo/extract/toolchain_support_packages/arm/gnu_tools_for_arm_embedded_processors/5.4.1/bin/../lib/gcc/arm-none-eabi/5.4.1/../../../../arm-none-eabi/lib/armv7e-m/fpu\libm.a
LOAD d:/rt-threadstudio/rt-threadstudio/repo/extract/toolchain_support_packages/arm/gnu_tools_for_arm_embedded_processors/5.4.1/bin/../lib/gcc/arm-none-eabi/5.4.1/../../../../arm-none-eabi/lib/armv7e-m/fpu\libc.a
START GROUP
LOAD d:/rt-threadstudio/rt-threadstudio/repo/extract/toolchain_support_packages/arm/gnu_tools_for_arm_embedded_processors/5.4.1/bin/../lib/gcc/arm-none-eabi/5.4.1/armv7e-m/fpu\libgcc.a
LOAD d:/rt-threadstudio/rt-threadstudio/repo/extract/toolchain_support_packages/arm/gnu_tools_for_arm_embedded_processors/5.4.1/bin/../lib/gcc/arm-none-eabi/5.4.1/../../../../arm-none-eabi/lib/armv7e-m/fpu\libc.a
END GROUP
LOAD d:/rt-threadstudio/rt-threadstudio/repo/extract/toolchain_support_packages/arm/gnu_tools_for_arm_embedded_processors/5.4.1/bin/../lib/gcc/arm-none-eabi/5.4.1/armv7e-m/fpu/crtend.o
LOAD d:/rt-threadstudio/rt-threadstudio/repo/extract/toolchain_support_packages/arm/gnu_tools_for_arm_embedded_processors/5.4.1/bin/../lib/gcc/arm-none-eabi/5.4.1/armv7e-m/fpu/crtn.o
                0x00000200                _system_stack_size = 0x200

.text           0x08000000     0xfc84
                0x08000000                . = ALIGN (0x4)
                0x08000000                _stext = .
 *(.isr_vector)
 .isr_vector    0x08000000      0x188 ./Libraries/N32_Std_Driver/CMSIS/device/startup/startup_n32g45x_gcc.o
                0x08000000                g_pfnVectors
                0x08000188                . = ALIGN (0x4)
 *(.text)
 .text          0x08000188       0x5c d:/rt-threadstudio/rt-threadstudio/repo/extract/toolchain_support_packages/arm/gnu_tools_for_arm_embedded_processors/5.4.1/bin/../lib/gcc/arm-none-eabi/5.4.1/armv7e-m/fpu/crtbegin.o
 .text          0x080001e4      0x13c ./rt-thread/libcpu/arm/cortex-m4/context_gcc.o
                0x080001e4                rt_hw_interrupt_disable
                0x080001ec                rt_hw_interrupt_enable
                0x080001f2                rt_hw_context_switch_interrupt
                0x080001f2                rt_hw_context_switch
                0x08000212                PendSV_Handler
                0x0800027e                rt_hw_context_switch_to
                0x080002c4                rt_hw_interrupt_thread_switch
                0x080002c8                HardFault_Handler
 .text          0x08000320      0x134 d:/rt-threadstudio/rt-threadstudio/repo/extract/toolchain_support_packages/arm/gnu_tools_for_arm_embedded_processors/5.4.1/bin/../lib/gcc/arm-none-eabi/5.4.1/../../../../arm-none-eabi/lib/armv7e-m/fpu\libc.a(lib_a-memcpy.o)
                0x08000320                memcpy
 *fill*         0x08000454       0x2c 00000000
 .text          0x08000480       0xdc d:/rt-threadstudio/rt-threadstudio/repo/extract/toolchain_support_packages/arm/gnu_tools_for_arm_embedded_processors/5.4.1/bin/../lib/gcc/arm-none-eabi/5.4.1/../../../../arm-none-eabi/lib/armv7e-m/fpu\libc.a(lib_a-strlen.o)
                0x08000480                strlen
 .text          0x0800055c      0x370 d:/rt-threadstudio/rt-threadstudio/repo/extract/toolchain_support_packages/arm/gnu_tools_for_arm_embedded_processors/5.4.1/bin/../lib/gcc/arm-none-eabi/5.4.1/armv7e-m/fpu\libgcc.a(_arm_addsubdf3.o)
                0x0800055c                __aeabi_drsub
                0x08000564                __aeabi_dsub
                0x08000564                __subdf3
                0x08000568                __aeabi_dadd
                0x08000568                __adddf3
                0x080007e0                __floatunsidf
                0x080007e0                __aeabi_ui2d
                0x08000800                __floatsidf
                0x08000800                __aeabi_i2d
                0x08000824                __aeabi_f2d
                0x08000824                __extendsfdf2
                0x08000860                __floatundidf
                0x08000860                __aeabi_ul2d
                0x08000870                __floatdidf
                0x08000870                __aeabi_l2d
 .text          0x080008cc      0x424 d:/rt-threadstudio/rt-threadstudio/repo/extract/toolchain_support_packages/arm/gnu_tools_for_arm_embedded_processors/5.4.1/bin/../lib/gcc/arm-none-eabi/5.4.1/armv7e-m/fpu\libgcc.a(_arm_muldivdf3.o)
                0x080008cc                __aeabi_dmul
                0x080008cc                __muldf3
                0x08000b20                __divdf3
                0x08000b20                __aeabi_ddiv
 .text          0x08000cf0       0x50 d:/rt-threadstudio/rt-threadstudio/repo/extract/toolchain_support_packages/arm/gnu_tools_for_arm_embedded_processors/5.4.1/bin/../lib/gcc/arm-none-eabi/5.4.1/armv7e-m/fpu\libgcc.a(_arm_fixdfsi.o)
                0x08000cf0                __aeabi_d2iz
                0x08000cf0                __fixdfsi
 .text          0x08000d40       0x30 d:/rt-threadstudio/rt-threadstudio/repo/extract/toolchain_support_packages/arm/gnu_tools_for_arm_embedded_processors/5.4.1/bin/../lib/gcc/arm-none-eabi/5.4.1/armv7e-m/fpu\libgcc.a(_aeabi_uldivmod.o)
                0x08000d40                __aeabi_uldivmod
 .text          0x08000d70      0x2e4 d:/rt-threadstudio/rt-threadstudio/repo/extract/toolchain_support_packages/arm/gnu_tools_for_arm_embedded_processors/5.4.1/bin/../lib/gcc/arm-none-eabi/5.4.1/armv7e-m/fpu\libgcc.a(_udivmoddi4.o)
                0x08000d70                __udivmoddi4
 .text          0x08001054        0x4 d:/rt-threadstudio/rt-threadstudio/repo/extract/toolchain_support_packages/arm/gnu_tools_for_arm_embedded_processors/5.4.1/bin/../lib/gcc/arm-none-eabi/5.4.1/armv7e-m/fpu\libgcc.a(_dvmd_tls.o)
                0x08001054                __aeabi_idiv0
                0x08001054                __aeabi_ldiv0
 *(.text.*)
 .text.rt_tick_get
                0x08001058       0x18 ./rt-thread/src/clock.o
                0x08001058                rt_tick_get
 .text.rt_tick_increase
                0x08001070       0x6c ./rt-thread/src/clock.o
                0x08001070                rt_tick_increase
 .text.rt_tick_from_millisecond
                0x080010dc       0x74 ./rt-thread/src/clock.o
                0x080010dc                rt_tick_from_millisecond
 .text.rti_start
                0x08001150       0x10 ./rt-thread/src/components.o
 .text.rti_board_start
                0x08001160       0x10 ./rt-thread/src/components.o
 .text.rti_board_end
                0x08001170       0x10 ./rt-thread/src/components.o
 .text.rti_end  0x08001180       0x10 ./rt-thread/src/components.o
 .text.rt_components_board_init
                0x08001190       0x30 ./rt-thread/src/components.o
                0x08001190                rt_components_board_init
 .text.rt_components_init
                0x080011c0       0x30 ./rt-thread/src/components.o
                0x080011c0                rt_components_init
 .text.entry    0x080011f0       0x10 ./rt-thread/src/components.o
                0x080011f0                entry
 .text.main_thread_entry
                0x08001200       0x18 ./rt-thread/src/components.o
                0x08001200                main_thread_entry
 .text.rt_application_init
                0x08001218       0x4c ./rt-thread/src/components.o
                0x08001218                rt_application_init
 .text.rtthread_startup
                0x08001264       0x30 ./rt-thread/src/components.o
                0x08001264                rtthread_startup
 .text.rt_device_register
                0x08001294       0x54 ./rt-thread/src/device.o
                0x08001294                rt_device_register
 .text.rt_device_find
                0x080012e8       0x1c ./rt-thread/src/device.o
                0x080012e8                rt_device_find
 .text.rt_device_open
                0x08001304      0x118 ./rt-thread/src/device.o
                0x08001304                rt_device_open
 .text.rt_device_close
                0x0800141c       0x9c ./rt-thread/src/device.o
                0x0800141c                rt_device_close
 .text.rt_device_read
                0x080014b8       0x88 ./rt-thread/src/device.o
                0x080014b8                rt_device_read
 .text.rt_device_write
                0x08001540       0x88 ./rt-thread/src/device.o
                0x08001540                rt_device_write
 .text.rt_device_control
                0x080015c8       0x68 ./rt-thread/src/device.o
                0x080015c8                rt_device_control
 .text.rt_device_set_rx_indicate
                0x08001630       0x54 ./rt-thread/src/device.o
                0x08001630                rt_device_set_rx_indicate
 .text.rt_list_insert_after
                0x08001684       0x34 ./rt-thread/src/idle.o
 .text.rt_list_remove
                0x080016b8       0x38 ./rt-thread/src/idle.o
 .text.rt_thread_defunct_enqueue
                0x080016f0       0x20 ./rt-thread/src/idle.o
                0x080016f0                rt_thread_defunct_enqueue
 .text.rt_thread_defunct_dequeue
                0x08001710       0x38 ./rt-thread/src/idle.o
                0x08001710                rt_thread_defunct_dequeue
 .text.rt_defunct_execute
                0x08001748       0xac ./rt-thread/src/idle.o
 .text.rt_thread_idle_entry
                0x080017f4       0x38 ./rt-thread/src/idle.o
 .text.rt_thread_idle_init
                0x0800182c       0x74 ./rt-thread/src/idle.o
                0x0800182c                rt_thread_idle_init
 .text.rt_list_init
                0x080018a0       0x24 ./rt-thread/src/ipc.o
 .text.rt_list_insert_before
                0x080018c4       0x34 ./rt-thread/src/ipc.o
 .text.rt_list_isempty
                0x080018f8       0x24 ./rt-thread/src/ipc.o
 .text._ipc_object_init
                0x0800191c       0x1c ./rt-thread/src/ipc.o
 .text._ipc_list_suspend
                0x08001938       0xa4 ./rt-thread/src/ipc.o
 .text._ipc_list_resume
                0x080019dc       0x20 ./rt-thread/src/ipc.o
 .text.rt_sem_init
                0x080019fc       0x6c ./rt-thread/src/ipc.o
                0x080019fc                rt_sem_init
 .text.rt_sem_take
                0x08001a68      0x160 ./rt-thread/src/ipc.o
                0x08001a68                rt_sem_take
 .text.rt_sem_release
                0x08001bc8       0xbc ./rt-thread/src/ipc.o
                0x08001bc8                rt_sem_release
 .text.rt_interrupt_enter
                0x08001c84       0x40 ./rt-thread/src/irq.o
                0x08001c84                rt_interrupt_enter
 .text.rt_interrupt_leave
                0x08001cc4       0x40 ./rt-thread/src/irq.o
                0x08001cc4                rt_interrupt_leave
 .text.rt_interrupt_get_nest
                0x08001d04       0x28 ./rt-thread/src/irq.o
                0x08001d04                rt_interrupt_get_nest
 .text.rt_set_errno
                0x08001d2c       0x40 ./rt-thread/src/kservice.o
                0x08001d2c                rt_set_errno
 .text.rt_memset
                0x08001d6c       0xb8 ./rt-thread/src/kservice.o
                0x08001d6c                rt_memset
 .text.rt_memcpy
                0x08001e24       0xd4 ./rt-thread/src/kservice.o
                0x08001e24                rt_memcpy
 .text.rt_memmove
                0x08001ef8       0x84 ./rt-thread/src/kservice.o
                0x08001ef8                rt_memmove
 .text.rt_strncpy
                0x08001f7c       0x64 ./rt-thread/src/kservice.o
                0x08001f7c                rt_strncpy
 .text.rt_strncmp
                0x08001fe0       0x4c ./rt-thread/src/kservice.o
                0x08001fe0                rt_strncmp
 .text.rt_show_version
                0x0800202c       0x4c ./rt-thread/src/kservice.o
                0x0800202c                rt_show_version
 .text.divide   0x08002078       0x68 ./rt-thread/src/kservice.o
 .text.skip_atoi
                0x080020e0       0x40 ./rt-thread/src/kservice.o
 .text.print_number
                0x08002120      0x1dc ./rt-thread/src/kservice.o
 .text.rt_vsnprintf
                0x080022fc      0x560 ./rt-thread/src/kservice.o
                0x080022fc                rt_vsnprintf
 .text.rt_vsprintf
                0x0800285c       0x24 ./rt-thread/src/kservice.o
                0x0800285c                rt_vsprintf
 .text.rt_sprintf
                0x08002880       0x2c ./rt-thread/src/kservice.o
                0x08002880                rt_sprintf
 .text.rt_console_get_device
                0x080028ac       0x18 ./rt-thread/src/kservice.o
                0x080028ac                rt_console_get_device
 .text.rt_console_set_device
                0x080028c4       0x58 ./rt-thread/src/kservice.o
                0x080028c4                rt_console_set_device
 .text.rt_hw_console_output
                0x0800291c       0x14 ./rt-thread/src/kservice.o
                0x0800291c                rt_hw_console_output
 .text.rt_kprintf
                0x08002930       0x5c ./rt-thread/src/kservice.o
                0x08002930                rt_kprintf
 .text.__rt_ffs
                0x0800298c       0x70 ./rt-thread/src/kservice.o
                0x0800298c                __rt_ffs
 .text.rt_assert_handler
                0x080029fc       0x4c ./rt-thread/src/kservice.o
                0x080029fc                rt_assert_handler
 .text.plug_holes
                0x08002a48      0x100 ./rt-thread/src/mem.o
 .text.rt_system_heap_init
                0x08002b48      0x118 ./rt-thread/src/mem.o
                0x08002b48                rt_system_heap_init
 .text.rt_malloc
                0x08002c60      0x294 ./rt-thread/src/mem.o
                0x08002c60                rt_malloc
 .text.rt_calloc
                0x08002ef4       0x3c ./rt-thread/src/mem.o
                0x08002ef4                rt_calloc
 .text.rt_free  0x08002f30      0x188 ./rt-thread/src/mem.o
                0x08002f30                rt_free
 .text.list_mem
                0x080030b8       0x44 ./rt-thread/src/mem.o
                0x080030b8                list_mem
 .text.rt_list_insert_after
                0x080030fc       0x34 ./rt-thread/src/object.o
 .text.rt_list_remove
                0x08003130       0x38 ./rt-thread/src/object.o
 .text.rt_object_get_information
                0x08003168       0x48 ./rt-thread/src/object.o
                0x08003168                rt_object_get_information
 .text.rt_object_init
                0x080031b0       0xcc ./rt-thread/src/object.o
                0x080031b0                rt_object_init
 .text.rt_object_detach
                0x0800327c       0x5c ./rt-thread/src/object.o
                0x0800327c                rt_object_detach
 .text.rt_object_allocate
                0x080032d8       0xd8 ./rt-thread/src/object.o
                0x080032d8                rt_object_allocate
 .text.rt_object_delete
                0x080033b0       0x7c ./rt-thread/src/object.o
                0x080033b0                rt_object_delete
 .text.rt_object_is_systemobject
                0x0800342c       0x3c ./rt-thread/src/object.o
                0x0800342c                rt_object_is_systemobject
 .text.rt_object_get_type
                0x08003468       0x34 ./rt-thread/src/object.o
                0x08003468                rt_object_get_type
 .text.rt_object_find
                0x0800349c       0xb4 ./rt-thread/src/object.o
                0x0800349c                rt_object_find
 .text.rt_list_init
                0x08003550       0x24 ./rt-thread/src/scheduler.o
 .text.rt_list_insert_before
                0x08003574       0x34 ./rt-thread/src/scheduler.o
 .text.rt_list_remove
                0x080035a8       0x38 ./rt-thread/src/scheduler.o
 .text.rt_list_isempty
                0x080035e0       0x24 ./rt-thread/src/scheduler.o
 .text._rt_scheduler_stack_check
                0x08003604       0x94 ./rt-thread/src/scheduler.o
 .text._scheduler_get_highest_priority_thread
                0x08003698       0x38 ./rt-thread/src/scheduler.o
 .text.rt_system_scheduler_init
                0x080036d0       0x38 ./rt-thread/src/scheduler.o
                0x080036d0                rt_system_scheduler_init
 .text.rt_system_scheduler_start
                0x08003708       0x38 ./rt-thread/src/scheduler.o
                0x08003708                rt_system_scheduler_start
 .text.rt_schedule
                0x08003740      0x19c ./rt-thread/src/scheduler.o
                0x08003740                rt_schedule
 .text.rt_schedule_insert_thread
                0x080038dc       0xac ./rt-thread/src/scheduler.o
                0x080038dc                rt_schedule_insert_thread
 .text.rt_schedule_remove_thread
                0x08003988       0x70 ./rt-thread/src/scheduler.o
                0x08003988                rt_schedule_remove_thread
 .text.rt_enter_critical
                0x080039f8       0x2c ./rt-thread/src/scheduler.o
                0x080039f8                rt_enter_critical
 .text.rt_exit_critical
                0x08003a24       0x54 ./rt-thread/src/scheduler.o
                0x08003a24                rt_exit_critical
 .text.rt_list_init
                0x08003a78       0x24 ./rt-thread/src/thread.o
 .text.rt_list_remove
                0x08003a9c       0x38 ./rt-thread/src/thread.o
 .text._thread_cleanup_execute
                0x08003ad4       0x2c ./rt-thread/src/thread.o
 .text._thread_exit
                0x08003b00       0x5c ./rt-thread/src/thread.o
 .text._thread_init
                0x08003b5c       0xf8 ./rt-thread/src/thread.o
 .text.rt_thread_init
                0x08003c54       0x70 ./rt-thread/src/thread.o
                0x08003c54                rt_thread_init
 .text.rt_thread_self
                0x08003cc4       0x18 ./rt-thread/src/thread.o
                0x08003cc4                rt_thread_self
 .text.rt_thread_startup
                0x08003cdc       0xa0 ./rt-thread/src/thread.o
                0x08003cdc                rt_thread_startup
 .text.rt_thread_create
                0x08003d7c       0x64 ./rt-thread/src/thread.o
                0x08003d7c                rt_thread_create
 .text.rt_thread_sleep
                0x08003de0       0x8c ./rt-thread/src/thread.o
                0x08003de0                rt_thread_sleep
 .text.rt_thread_delay
                0x08003e6c       0x18 ./rt-thread/src/thread.o
                0x08003e6c                rt_thread_delay
 .text.rt_thread_mdelay
                0x08003e84       0x20 ./rt-thread/src/thread.o
                0x08003e84                rt_thread_mdelay
 .text.rt_thread_suspend
                0x08003ea4       0xcc ./rt-thread/src/thread.o
                0x08003ea4                rt_thread_suspend
 .text.rt_thread_resume
                0x08003f70       0x98 ./rt-thread/src/thread.o
                0x08003f70                rt_thread_resume
 .text.rt_thread_timeout
                0x08004008       0x90 ./rt-thread/src/thread.o
                0x08004008                rt_thread_timeout
 .text.rt_list_init
                0x08004098       0x24 ./rt-thread/src/timer.o
 .text.rt_list_insert_after
                0x080040bc       0x34 ./rt-thread/src/timer.o
 .text.rt_list_remove
                0x080040f0       0x38 ./rt-thread/src/timer.o
 .text.rt_list_isempty
                0x08004128       0x24 ./rt-thread/src/timer.o
 .text._timer_init
                0x0800414c       0x68 ./rt-thread/src/timer.o
 .text._timer_list_next_timeout
                0x080041b4       0x40 ./rt-thread/src/timer.o
 .text._timer_remove
                0x080041f4       0x34 ./rt-thread/src/timer.o
 .text.rt_timer_init
                0x08004228       0x4c ./rt-thread/src/timer.o
                0x08004228                rt_timer_init
 .text.rt_timer_detach
                0x08004274       0x90 ./rt-thread/src/timer.o
                0x08004274                rt_timer_detach
 .text.rt_timer_start
                0x08004304      0x244 ./rt-thread/src/timer.o
                0x08004304                rt_timer_start
 .text.rt_timer_stop
                0x08004548       0x94 ./rt-thread/src/timer.o
                0x08004548                rt_timer_stop
 .text.rt_timer_control
                0x080045dc       0xd0 ./rt-thread/src/timer.o
                0x080045dc                rt_timer_control
 .text.rt_timer_check
                0x080046ac      0x108 ./rt-thread/src/timer.o
                0x080046ac                rt_timer_check
 .text.rt_soft_timer_check
                0x080047b4      0x120 ./rt-thread/src/timer.o
                0x080047b4                rt_soft_timer_check
 .text._timer_thread_entry
                0x080048d4       0x58 ./rt-thread/src/timer.o
 .text.rt_system_timer_init
                0x0800492c       0x34 ./rt-thread/src/timer.o
                0x0800492c                rt_system_timer_init
 .text.rt_system_timer_thread_init
                0x08004960       0x68 ./rt-thread/src/timer.o
                0x08004960                rt_system_timer_thread_init
 .text.rt_hw_stack_init
                0x080049c8       0x90 ./rt-thread/libcpu/arm/cortex-m4/cpuport.o
                0x080049c8                rt_hw_stack_init
 .text.usage_fault_track
                0x08004a58       0xc4 ./rt-thread/libcpu/arm/cortex-m4/cpuport.o
 .text.bus_fault_track
                0x08004b1c       0xcc ./rt-thread/libcpu/arm/cortex-m4/cpuport.o
 .text.mem_manage_fault_track
                0x08004be8       0xb4 ./rt-thread/libcpu/arm/cortex-m4/cpuport.o
 .text.hard_fault_track
                0x08004c9c       0x78 ./rt-thread/libcpu/arm/cortex-m4/cpuport.o
 .text.rt_hw_hard_fault_exception
                0x08004d14      0x184 ./rt-thread/libcpu/arm/cortex-m4/cpuport.o
                0x08004d14                rt_hw_hard_fault_exception
 .text.rt_hw_cpu_reset
                0x08004e98       0x1c ./rt-thread/libcpu/arm/cortex-m4/cpuport.o
                0x08004e98                rt_hw_cpu_reset
 .text.libc_system_init
                0x08004eb4       0x10 ./rt-thread/components/libc/compilers/gcc/newlib/libc.o
                0x08004eb4                libc_system_init
 .text._malloc_r
                0x08004ec4       0x28 ./rt-thread/components/libc/compilers/gcc/newlib/syscalls.o
                0x08004ec4                _malloc_r
 .text.rt_list_isempty
                0x08004eec       0x24 ./rt-thread/components/finsh/cmd.o
 .text.rt_list_len
                0x08004f10       0x38 ./rt-thread/components/finsh/cmd.o
 .text.hello    0x08004f48       0x14 ./rt-thread/components/finsh/cmd.o
                0x08004f48                hello
 .text.clear    0x08004f5c       0x14 ./rt-thread/components/finsh/cmd.o
 .text.version  0x08004f70       0x10 ./rt-thread/components/finsh/cmd.o
                0x08004f70                version
 .text.object_split
                0x08004f80       0x28 ./rt-thread/components/finsh/cmd.o
 .text.list_find_init
                0x08004fa8       0x48 ./rt-thread/components/finsh/cmd.o
 .text.list_get_next
                0x08004ff0       0xc8 ./rt-thread/components/finsh/cmd.o
 .text.list_thread
                0x080050b8      0x208 ./rt-thread/components/finsh/cmd.o
                0x080050b8                list_thread
 .text.show_wait_queue
                0x080052c0       0x50 ./rt-thread/components/finsh/cmd.o
 .text.list_sem
                0x08005310      0x12c ./rt-thread/components/finsh/cmd.o
                0x08005310                list_sem
 .text.list_event
                0x0800543c      0x118 ./rt-thread/components/finsh/cmd.o
                0x0800543c                list_event
 .text.list_mutex
                0x08005554       0xe8 ./rt-thread/components/finsh/cmd.o
                0x08005554                list_mutex
 .text.list_mailbox
                0x0800563c      0x13c ./rt-thread/components/finsh/cmd.o
                0x0800563c                list_mailbox
 .text.list_msgqueue
                0x08005778      0x12c ./rt-thread/components/finsh/cmd.o
                0x08005778                list_msgqueue
 .text.list_mempool
                0x080058a4      0x144 ./rt-thread/components/finsh/cmd.o
                0x080058a4                list_mempool
 .text.list_timer
                0x080059e8      0x108 ./rt-thread/components/finsh/cmd.o
                0x080059e8                list_timer
 .text.list_device
                0x08005af0       0xf0 ./rt-thread/components/finsh/cmd.o
                0x08005af0                list_device
 .text.list     0x08005be0       0x6c ./rt-thread/components/finsh/cmd.o
                0x08005be0                list
 .text.msh_help
                0x08005c4c       0x5c ./rt-thread/components/finsh/msh.o
                0x08005c4c                msh_help
 .text.cmd_ps   0x08005ca8       0x18 ./rt-thread/components/finsh/msh.o
                0x08005ca8                cmd_ps
 .text.cmd_free
                0x08005cc0       0x18 ./rt-thread/components/finsh/msh.o
                0x08005cc0                cmd_free
 .text.msh_split
                0x08005cd8      0x170 ./rt-thread/components/finsh/msh.o
 .text.msh_get_cmd
                0x08005e48       0x64 ./rt-thread/components/finsh/msh.o
 .text._msh_exec_cmd
                0x08005eac       0xd4 ./rt-thread/components/finsh/msh.o
 .text.msh_exec
                0x08005f80       0x8c ./rt-thread/components/finsh/msh.o
                0x08005f80                msh_exec
 .text.str_common
                0x0800600c       0x4c ./rt-thread/components/finsh/msh.o
 .text.msh_auto_complete
                0x08006058       0xb4 ./rt-thread/components/finsh/msh.o
                0x08006058                msh_auto_complete
 .text.finsh_get_prompt
                0x0800610c       0x7c ./rt-thread/components/finsh/shell.o
                0x0800610c                finsh_get_prompt
 .text.finsh_set_prompt_mode
                0x08006188       0x48 ./rt-thread/components/finsh/shell.o
                0x08006188                finsh_set_prompt_mode
 .text.finsh_getchar
                0x080061d0       0x6c ./rt-thread/components/finsh/shell.o
                0x080061d0                finsh_getchar
 .text.finsh_rx_ind
                0x0800623c       0x3c ./rt-thread/components/finsh/shell.o
 .text.finsh_set_device
                0x08006278       0xd8 ./rt-thread/components/finsh/shell.o
                0x08006278                finsh_set_device
 .text.shell_auto_complete
                0x08006350       0x34 ./rt-thread/components/finsh/shell.o
 .text.shell_handle_history
                0x08006384       0x34 ./rt-thread/components/finsh/shell.o
 .text.shell_push_history
                0x080063b8      0x160 ./rt-thread/components/finsh/shell.o
 .text.finsh_thread_entry
                0x08006518      0x5d0 ./rt-thread/components/finsh/shell.o
                0x08006518                finsh_thread_entry
 .text.finsh_system_function_init
                0x08006ae8       0x2c ./rt-thread/components/finsh/shell.o
                0x08006ae8                finsh_system_function_init
 .text.finsh_system_init
                0x08006b14       0x9c ./rt-thread/components/finsh/shell.o
                0x08006b14                finsh_system_init
 .text.rt_list_init
                0x08006bb0       0x24 ./rt-thread/components/drivers/src/completion.o
 .text.rt_list_insert_before
                0x08006bd4       0x34 ./rt-thread/components/drivers/src/completion.o
 .text.rt_list_isempty
                0x08006c08       0x24 ./rt-thread/components/drivers/src/completion.o
 .text.rt_completion_init
                0x08006c2c       0x44 ./rt-thread/components/drivers/src/completion.o
                0x08006c2c                rt_completion_init
 .text.rt_completion_wait
                0x08006c70       0xfc ./rt-thread/components/drivers/src/completion.o
                0x08006c70                rt_completion_wait
 .text.rt_completion_done
                0x08006d6c       0x70 ./rt-thread/components/drivers/src/completion.o
                0x08006d6c                rt_completion_done
 .text.rt_list_init
                0x08006ddc       0x24 ./rt-thread/components/drivers/src/dataqueue.o
 .text.rt_list_insert_before
                0x08006e00       0x34 ./rt-thread/components/drivers/src/dataqueue.o
 .text.rt_list_isempty
                0x08006e34       0x24 ./rt-thread/components/drivers/src/dataqueue.o
 .text.rt_data_queue_init
                0x08006e58       0xc0 ./rt-thread/components/drivers/src/dataqueue.o
                0x08006e58                rt_data_queue_init
 .text.rt_data_queue_push
                0x08006f18      0x1ec ./rt-thread/components/drivers/src/dataqueue.o
                0x08006f18                rt_data_queue_push
 .text.rt_data_queue_pop
                0x08007104      0x248 ./rt-thread/components/drivers/src/dataqueue.o
                0x08007104                rt_data_queue_pop
 .text.rt_data_queue_peek
                0x0800734c       0xa4 ./rt-thread/components/drivers/src/dataqueue.o
                0x0800734c                rt_data_queue_peek
 .text.rt_data_queue_reset
                0x080073f0       0xfc ./rt-thread/components/drivers/src/dataqueue.o
                0x080073f0                rt_data_queue_reset
 .text.rt_data_queue_deinit
                0x080074ec       0x70 ./rt-thread/components/drivers/src/dataqueue.o
                0x080074ec                rt_data_queue_deinit
 .text.rt_data_queue_len
                0x0800755c       0xc8 ./rt-thread/components/drivers/src/dataqueue.o
                0x0800755c                rt_data_queue_len
 .text._serial_poll_rx
                0x08007624       0x80 ./rt-thread/components/drivers/serial/serial.o
 .text._serial_poll_tx
                0x080076a4       0x7c ./rt-thread/components/drivers/serial/serial.o
 .text._serial_int_rx
                0x08007720       0xd8 ./rt-thread/components/drivers/serial/serial.o
 .text._serial_int_tx
                0x080077f8       0xc4 ./rt-thread/components/drivers/serial/serial.o
 .text._serial_check_buffer_size
                0x080078bc       0x38 ./rt-thread/components/drivers/serial/serial.o
 .text._serial_fifo_calc_recved_len
                0x080078f4       0x88 ./rt-thread/components/drivers/serial/serial.o
 .text.rt_dma_calc_recved_len
                0x0800797c       0x18 ./rt-thread/components/drivers/serial/serial.o
 .text.rt_dma_recv_update_get_index
                0x08007994       0xa4 ./rt-thread/components/drivers/serial/serial.o
 .text.rt_dma_recv_update_put_index
                0x08007a38       0xf8 ./rt-thread/components/drivers/serial/serial.o
 .text._serial_dma_rx
                0x08007b30      0x198 ./rt-thread/components/drivers/serial/serial.o
 .text._serial_dma_tx
                0x08007cc8       0x70 ./rt-thread/components/drivers/serial/serial.o
 .text.rt_serial_init
                0x08007d38       0x5c ./rt-thread/components/drivers/serial/serial.o
 .text.rt_serial_open
                0x08007d94      0x36c ./rt-thread/components/drivers/serial/serial.o
 .text.rt_serial_close
                0x08008100      0x1e0 ./rt-thread/components/drivers/serial/serial.o
 .text.rt_serial_read
                0x080082e0       0x84 ./rt-thread/components/drivers/serial/serial.o
 .text.rt_serial_write
                0x08008364       0x84 ./rt-thread/components/drivers/serial/serial.o
 .text.rt_serial_control
                0x080083e8       0xd0 ./rt-thread/components/drivers/serial/serial.o
 .text.rt_hw_serial_register
                0x080084b8       0x9c ./rt-thread/components/drivers/serial/serial.o
                0x080084b8                rt_hw_serial_register
 .text.rt_hw_serial_isr
                0x08008554      0x264 ./rt-thread/components/drivers/serial/serial.o
                0x08008554                rt_hw_serial_isr
 .text._pin_read
                0x080087b8       0x60 ./rt-thread/components/drivers/misc/pin.o
 .text._pin_write
                0x08008818       0x5c ./rt-thread/components/drivers/misc/pin.o
 .text._pin_control
                0x08008874       0x58 ./rt-thread/components/drivers/misc/pin.o
 .text.rt_device_pin_register
                0x080088cc       0x74 ./rt-thread/components/drivers/misc/pin.o
                0x080088cc                rt_device_pin_register
 .text.rt_pin_mode
                0x08008940       0x40 ./rt-thread/components/drivers/misc/pin.o
                0x08008940                rt_pin_mode
 .text.rt_pin_write
                0x08008980       0x40 ./rt-thread/components/drivers/misc/pin.o
                0x08008980                rt_pin_write
 .text._pwm_control
                0x080089c0       0x38 ./rt-thread/components/drivers/misc/rt_drv_pwm.o
 .text._pwm_read
                0x080089f8       0x64 ./rt-thread/components/drivers/misc/rt_drv_pwm.o
 .text._pwm_write
                0x08008a5c       0x80 ./rt-thread/components/drivers/misc/rt_drv_pwm.o
 .text.rt_device_pwm_register
                0x08008adc       0x78 ./rt-thread/components/drivers/misc/rt_drv_pwm.o
                0x08008adc                rt_device_pwm_register
 .text.rt_pwm_enable
                0x08008b54       0x5c ./rt-thread/components/drivers/misc/rt_drv_pwm.o
                0x08008b54                rt_pwm_enable
 .text.rt_pwm_disable
                0x08008bb0       0x5c ./rt-thread/components/drivers/misc/rt_drv_pwm.o
                0x08008bb0                rt_pwm_disable
 .text.rt_pwm_set
                0x08008c0c       0x54 ./rt-thread/components/drivers/misc/rt_drv_pwm.o
                0x08008c0c                rt_pwm_set
 .text.rt_pwm_get
                0x08008c60       0x34 ./rt-thread/components/drivers/misc/rt_drv_pwm.o
                0x08008c60                rt_pwm_get
 .text.pwm_enable
                0x08008c94       0x74 ./rt-thread/components/drivers/misc/rt_drv_pwm.o
 .text.pwm_disable
                0x08008d08       0x74 ./rt-thread/components/drivers/misc/rt_drv_pwm.o
 .text.pwm_set  0x08008d7c       0x94 ./rt-thread/components/drivers/misc/rt_drv_pwm.o
 .text.pwm_get  0x08008e10      0x120 ./rt-thread/components/drivers/misc/rt_drv_pwm.o
 .text.n32_msp_usart_init
                0x08008f30       0x70 ./board/msp/n32_msp.o
                0x08008f30                n32_msp_usart_init
 .text.n32_msp_spi_init
                0x08008fa0       0x80 ./board/msp/n32_msp.o
                0x08008fa0                n32_msp_spi_init
 .text.n32_msp_tim_init
                0x08009020       0xd4 ./board/msp/n32_msp.o
                0x08009020                n32_msp_tim_init
 .text.pwm_set_test
                0x080090f4       0x4c ./board/msp/n32_msp.o
 .text.pwm_led_sample
                0x08009140       0x64 ./board/msp/n32_msp.o
 .text.pwm_led_sample_off
                0x080091a4       0x40 ./board/msp/n32_msp.o
 .text.__NVIC_SetPriority
                0x080091e4       0x54 ./board/board.o
 .text.SysTick_Config
                0x08009238       0x44 ./board/board.o
 .text.SystemClock_Config
                0x0800927c       0x2c ./board/board.o
                0x0800927c                SystemClock_Config
 .text.SysTick_Handler
                0x080092a8       0x14 ./board/board.o
                0x080092a8                SysTick_Handler
 .text.rt_hw_board_init
                0x080092bc       0x38 ./board/board.o
                0x080092bc                rt_hw_board_init
 .text.n32_spi_init
                0x080092f4       0x5c ./applications/spi/spi.o
                0x080092f4                n32_spi_init
 .text.n32_spi_send_byte
                0x08009350       0x74 ./applications/spi/spi.o
                0x08009350                n32_spi_send_byte
 .text.LED_Thread_entry
                0x080093c4       0x38 ./applications/led/led.o
 .text.LED_Thread_Config
                0x080093fc       0x3c ./applications/led/led.o
                0x080093fc                LED_Thread_Config
 .text.LCD_WR_DATA8
                0x08009438       0x1c ./applications/lcd/lcd.o
                0x08009438                LCD_WR_DATA8
 .text.LCD_WR_DATA
                0x08009454       0x2c ./applications/lcd/lcd.o
                0x08009454                LCD_WR_DATA
 .text.LCD_WR_REG
                0x08009480       0x30 ./applications/lcd/lcd.o
                0x08009480                LCD_WR_REG
 .text.LCD_Address_Set
                0x080094b0       0x68 ./applications/lcd/lcd.o
                0x080094b0                LCD_Address_Set
 .text.LCD_Init
                0x08009518      0x26c ./applications/lcd/lcd.o
                0x08009518                LCD_Init
 .text.LCD_thread_entry
                0x08009784      0x120 ./applications/lcd/lcd.o
 .text.LCD_thread_create
                0x080098a4       0x50 ./applications/lcd/lcd.o
                0x080098a4                LCD_thread_create
 .text.LCD_Fill
                0x080098f4       0x6c ./applications/lcd/lcd.o
                0x080098f4                LCD_Fill
 .text.main     0x08009960       0x1c ./applications/main.o
                0x08009960                main
 .text.reboot   0x0800997c       0x18 ./Libraries/rt_drivers/drv_common.o
 .text.get_pin  0x08009994       0x48 ./Libraries/rt_drivers/drv_gpio.o
                0x08009994                get_pin
 .text.n32_pin_write
                0x080099dc       0x54 ./Libraries/rt_drivers/drv_gpio.o
                0x080099dc                n32_pin_write
 .text.n32_pin_read
                0x08009a30       0x50 ./Libraries/rt_drivers/drv_gpio.o
                0x08009a30                n32_pin_read
 .text.n32_pin_mode
                0x08009a80       0x94 ./Libraries/rt_drivers/drv_gpio.o
                0x08009a80                n32_pin_mode
 .text.bit2bitno
                0x08009b14       0x40 ./Libraries/rt_drivers/drv_gpio.o
 .text.get_pin_irq_map
                0x08009b54       0x3c ./Libraries/rt_drivers/drv_gpio.o
 .text.n32_pin_attach_irq
                0x08009b90      0x14c ./Libraries/rt_drivers/drv_gpio.o
                0x08009b90                n32_pin_attach_irq
 .text.n32_pin_dettach_irq
                0x08009cdc       0xd4 ./Libraries/rt_drivers/drv_gpio.o
                0x08009cdc                n32_pin_dettach_irq
 .text.n32_pin_irq_enable
                0x08009db0      0x18c ./Libraries/rt_drivers/drv_gpio.o
                0x08009db0                n32_pin_irq_enable
 .text.n32_hw_pin_init
                0x08009f3c       0x24 ./Libraries/rt_drivers/drv_gpio.o
                0x08009f3c                n32_hw_pin_init
 .text.pin_irq_hdr
                0x08009f60       0x70 ./Libraries/rt_drivers/drv_gpio.o
 .text.EXTI0_IRQHandler
                0x08009fd0       0x18 ./Libraries/rt_drivers/drv_gpio.o
                0x08009fd0                EXTI0_IRQHandler
 .text.EXTI1_IRQHandler
                0x08009fe8       0x18 ./Libraries/rt_drivers/drv_gpio.o
                0x08009fe8                EXTI1_IRQHandler
 .text.EXTI2_IRQHandler
                0x0800a000       0x18 ./Libraries/rt_drivers/drv_gpio.o
                0x0800a000                EXTI2_IRQHandler
 .text.EXTI3_IRQHandler
                0x0800a018       0x18 ./Libraries/rt_drivers/drv_gpio.o
                0x0800a018                EXTI3_IRQHandler
 .text.EXTI4_IRQHandler
                0x0800a030       0x18 ./Libraries/rt_drivers/drv_gpio.o
                0x0800a030                EXTI4_IRQHandler
 .text.EXTI9_5_IRQHandler
                0x0800a048       0x70 ./Libraries/rt_drivers/drv_gpio.o
                0x0800a048                EXTI9_5_IRQHandler
 .text.EXTI15_10_IRQHandler
                0x0800a0b8       0x88 ./Libraries/rt_drivers/drv_gpio.o
                0x0800a0b8                EXTI15_10_IRQHandler
 .text.drv_pwm_enable
                0x0800a140       0xb8 ./Libraries/rt_drivers/drv_pwm.o
 .text.drv_pwm_get
                0x0800a1f8      0x170 ./Libraries/rt_drivers/drv_pwm.o
 .text.drv_pwm_set
                0x0800a368      0x1b4 ./Libraries/rt_drivers/drv_pwm.o
 .text.drv_pwm_control
                0x0800a51c       0x74 ./Libraries/rt_drivers/drv_pwm.o
 .text.rt_hw_pwm_init
                0x0800a590       0xd8 ./Libraries/rt_drivers/drv_pwm.o
 .text.__NVIC_EnableIRQ
                0x0800a668       0x3c ./Libraries/rt_drivers/drv_usart.o
 .text.__NVIC_DisableIRQ
                0x0800a6a4       0x44 ./Libraries/rt_drivers/drv_usart.o
 .text.n32_uart_configure
                0x0800a6e8      0x140 ./Libraries/rt_drivers/drv_usart.o
 .text.n32_uart_control
                0x0800a828       0x94 ./Libraries/rt_drivers/drv_usart.o
 .text.n32_uart_putc
                0x0800a8bc       0xa0 ./Libraries/rt_drivers/drv_usart.o
 .text.n32_uart_getc
                0x0800a95c       0x54 ./Libraries/rt_drivers/drv_usart.o
 .text.dma_uart_rx_idle_isr
                0x0800a9b0       0x78 ./Libraries/rt_drivers/drv_usart.o
 .text.dma_rx_done_isr
                0x0800aa28       0x5c ./Libraries/rt_drivers/drv_usart.o
 .text.uart_isr
                0x0800aa84       0xe4 ./Libraries/rt_drivers/drv_usart.o
 .text.USART1_IRQHandler
                0x0800ab68       0x1c ./Libraries/rt_drivers/drv_usart.o
                0x0800ab68                USART1_IRQHandler
 .text.DMA1_Channel5_IRQHandler
                0x0800ab84       0x1c ./Libraries/rt_drivers/drv_usart.o
                0x0800ab84                DMA1_Channel5_IRQHandler
 .text.NVIC_Configuration
                0x0800aba0       0x30 ./Libraries/rt_drivers/drv_usart.o
 .text.DMA_Configuration
                0x0800abd0       0xf8 ./Libraries/rt_drivers/drv_usart.o
 .text.rt_hw_usart_init
                0x0800acc8       0x64 ./Libraries/rt_drivers/drv_usart.o
                0x0800acc8                rt_hw_usart_init
 .text.NVIC_Init
                0x0800ad2c       0xc8 ./Libraries/N32_Std_Driver/n32g45x_std_periph_driver/src/misc.o
                0x0800ad2c                NVIC_Init
 .text.DMA_DeInit
                0x0800adf4      0x1e0 ./Libraries/N32_Std_Driver/n32g45x_std_periph_driver/src/n32g45x_dma.o
                0x0800adf4                DMA_DeInit
 .text.DMA_Init
                0x0800afd4       0x80 ./Libraries/N32_Std_Driver/n32g45x_std_periph_driver/src/n32g45x_dma.o
                0x0800afd4                DMA_Init
 .text.DMA_EnableChannel
                0x0800b054       0x3c ./Libraries/N32_Std_Driver/n32g45x_std_periph_driver/src/n32g45x_dma.o
                0x0800b054                DMA_EnableChannel
 .text.DMA_ConfigInt
                0x0800b090       0x3c ./Libraries/N32_Std_Driver/n32g45x_std_periph_driver/src/n32g45x_dma.o
                0x0800b090                DMA_ConfigInt
 .text.DMA_GetCurrDataCounter
                0x0800b0cc       0x1c ./Libraries/N32_Std_Driver/n32g45x_std_periph_driver/src/n32g45x_dma.o
                0x0800b0cc                DMA_GetCurrDataCounter
 .text.DMA_ClearFlag
                0x0800b0e8       0x1c ./Libraries/N32_Std_Driver/n32g45x_std_periph_driver/src/n32g45x_dma.o
                0x0800b0e8                DMA_ClearFlag
 .text.EXTI_InitPeripheral
                0x0800b104       0xe4 ./Libraries/N32_Std_Driver/n32g45x_std_periph_driver/src/n32g45x_exti.o
                0x0800b104                EXTI_InitPeripheral
 .text.EXTI_GetITStatus
                0x0800b1e8       0x48 ./Libraries/N32_Std_Driver/n32g45x_std_periph_driver/src/n32g45x_exti.o
                0x0800b1e8                EXTI_GetITStatus
 .text.EXTI_ClrITPendBit
                0x0800b230       0x20 ./Libraries/N32_Std_Driver/n32g45x_std_periph_driver/src/n32g45x_exti.o
                0x0800b230                EXTI_ClrITPendBit
 .text.GPIO_InitPeripheral
                0x0800b250      0x17c ./Libraries/N32_Std_Driver/n32g45x_std_periph_driver/src/n32g45x_gpio.o
                0x0800b250                GPIO_InitPeripheral
 .text.GPIO_InitStruct
                0x0800b3cc       0x28 ./Libraries/N32_Std_Driver/n32g45x_std_periph_driver/src/n32g45x_gpio.o
                0x0800b3cc                GPIO_InitStruct
 .text.GPIO_ReadInputDataBit
                0x0800b3f4       0x34 ./Libraries/N32_Std_Driver/n32g45x_std_periph_driver/src/n32g45x_gpio.o
                0x0800b3f4                GPIO_ReadInputDataBit
 .text.GPIO_SetBits
                0x0800b428       0x20 ./Libraries/N32_Std_Driver/n32g45x_std_periph_driver/src/n32g45x_gpio.o
                0x0800b428                GPIO_SetBits
 .text.GPIO_ResetBits
                0x0800b448       0x20 ./Libraries/N32_Std_Driver/n32g45x_std_periph_driver/src/n32g45x_gpio.o
                0x0800b448                GPIO_ResetBits
 .text.GPIO_ConfigEXTILine
                0x0800b468       0x84 ./Libraries/N32_Std_Driver/n32g45x_std_periph_driver/src/n32g45x_gpio.o
                0x0800b468                GPIO_ConfigEXTILine
 .text.RCC_ConfigTim18Clk
                0x0800b4ec       0x38 ./Libraries/N32_Std_Driver/n32g45x_std_periph_driver/src/n32g45x_rcc.o
                0x0800b4ec                RCC_ConfigTim18Clk
 .text.RCC_GetClocksFreqValue
                0x0800b524      0x1a0 ./Libraries/N32_Std_Driver/n32g45x_std_periph_driver/src/n32g45x_rcc.o
                0x0800b524                RCC_GetClocksFreqValue
 .text.RCC_EnableAHBPeriphClk
                0x0800b6c4       0x40 ./Libraries/N32_Std_Driver/n32g45x_std_periph_driver/src/n32g45x_rcc.o
                0x0800b6c4                RCC_EnableAHBPeriphClk
 .text.RCC_EnableAPB2PeriphClk
                0x0800b704       0x40 ./Libraries/N32_Std_Driver/n32g45x_std_periph_driver/src/n32g45x_rcc.o
                0x0800b704                RCC_EnableAPB2PeriphClk
 .text.RCC_EnableAPB1PeriphClk
                0x0800b744       0x40 ./Libraries/N32_Std_Driver/n32g45x_std_periph_driver/src/n32g45x_rcc.o
                0x0800b744                RCC_EnableAPB1PeriphClk
 .text.SPI_Init
                0x0800b784       0x88 ./Libraries/N32_Std_Driver/n32g45x_std_periph_driver/src/n32g45x_spi.o
                0x0800b784                SPI_Init
 .text.SPI_Enable
                0x0800b80c       0x40 ./Libraries/N32_Std_Driver/n32g45x_std_periph_driver/src/n32g45x_spi.o
                0x0800b80c                SPI_Enable
 .text.SPI_I2S_TransmitData
                0x0800b84c       0x20 ./Libraries/N32_Std_Driver/n32g45x_std_periph_driver/src/n32g45x_spi.o
                0x0800b84c                SPI_I2S_TransmitData
 .text.SPI_I2S_ReceiveData
                0x0800b86c       0x1c ./Libraries/N32_Std_Driver/n32g45x_std_periph_driver/src/n32g45x_spi.o
                0x0800b86c                SPI_I2S_ReceiveData
 .text.TIM_InitTimeBase
                0x0800b888      0x230 ./Libraries/N32_Std_Driver/n32g45x_std_periph_driver/src/n32g45x_tim.o
                0x0800b888                TIM_InitTimeBase
 .text.TIM_InitOc1
                0x0800bab8       0xfc ./Libraries/N32_Std_Driver/n32g45x_std_periph_driver/src/n32g45x_tim.o
                0x0800bab8                TIM_InitOc1
 .text.TIM_InitOc2
                0x0800bbb4      0x10c ./Libraries/N32_Std_Driver/n32g45x_std_periph_driver/src/n32g45x_tim.o
                0x0800bbb4                TIM_InitOc2
 .text.TIM_InitOc3
                0x0800bcc0      0x108 ./Libraries/N32_Std_Driver/n32g45x_std_periph_driver/src/n32g45x_tim.o
                0x0800bcc0                TIM_InitOc3
 .text.TIM_InitOc4
                0x0800bdc8       0xcc ./Libraries/N32_Std_Driver/n32g45x_std_periph_driver/src/n32g45x_tim.o
                0x0800bdc8                TIM_InitOc4
 .text.TIM_InitTimBaseStruct
                0x0800be94       0x58 ./Libraries/N32_Std_Driver/n32g45x_std_periph_driver/src/n32g45x_tim.o
                0x0800be94                TIM_InitTimBaseStruct
 .text.TIM_InitOcStruct
                0x0800beec       0x44 ./Libraries/N32_Std_Driver/n32g45x_std_periph_driver/src/n32g45x_tim.o
                0x0800beec                TIM_InitOcStruct
 .text.TIM_Enable
                0x0800bf30       0x38 ./Libraries/N32_Std_Driver/n32g45x_std_periph_driver/src/n32g45x_tim.o
                0x0800bf30                TIM_Enable
 .text.TIM_EnableCtrlPwmOutputs
                0x0800bf68       0x4c ./Libraries/N32_Std_Driver/n32g45x_std_periph_driver/src/n32g45x_tim.o
                0x0800bf68                TIM_EnableCtrlPwmOutputs
 .text.TIM_ConfigArPreload
                0x0800bfb4       0x38 ./Libraries/N32_Std_Driver/n32g45x_std_periph_driver/src/n32g45x_tim.o
                0x0800bfb4                TIM_ConfigArPreload
 .text.TIM_ConfigOc1Preload
                0x0800bfec       0x38 ./Libraries/N32_Std_Driver/n32g45x_std_periph_driver/src/n32g45x_tim.o
                0x0800bfec                TIM_ConfigOc1Preload
 .text.TIM_ConfigOc2Preload
                0x0800c024       0x3c ./Libraries/N32_Std_Driver/n32g45x_std_periph_driver/src/n32g45x_tim.o
                0x0800c024                TIM_ConfigOc2Preload
 .text.TIM_ConfigOc3Preload
                0x0800c060       0x38 ./Libraries/N32_Std_Driver/n32g45x_std_periph_driver/src/n32g45x_tim.o
                0x0800c060                TIM_ConfigOc3Preload
 .text.TIM_ConfigOc4Preload
                0x0800c098       0x3c ./Libraries/N32_Std_Driver/n32g45x_std_periph_driver/src/n32g45x_tim.o
                0x0800c098                TIM_ConfigOc4Preload
 .text.TIM_EnableCapCmpCh
                0x0800c0d4       0x48 ./Libraries/N32_Std_Driver/n32g45x_std_periph_driver/src/n32g45x_tim.o
                0x0800c0d4                TIM_EnableCapCmpCh
 .text.USART_Init
                0x0800c11c      0x140 ./Libraries/N32_Std_Driver/n32g45x_std_periph_driver/src/n32g45x_usart.o
                0x0800c11c                USART_Init
 .text.USART_Enable
                0x0800c25c       0x40 ./Libraries/N32_Std_Driver/n32g45x_std_periph_driver/src/n32g45x_usart.o
                0x0800c25c                USART_Enable
 .text.USART_ConfigInt
                0x0800c29c       0x90 ./Libraries/N32_Std_Driver/n32g45x_std_periph_driver/src/n32g45x_usart.o
                0x0800c29c                USART_ConfigInt
 .text.USART_EnableDMA
                0x0800c32c       0x48 ./Libraries/N32_Std_Driver/n32g45x_std_periph_driver/src/n32g45x_usart.o
                0x0800c32c                USART_EnableDMA
 .text.USART_ReceiveData
                0x0800c374       0x20 ./Libraries/N32_Std_Driver/n32g45x_std_periph_driver/src/n32g45x_usart.o
                0x0800c374                USART_ReceiveData
 .text.USART_GetFlagStatus
                0x0800c394       0x38 ./Libraries/N32_Std_Driver/n32g45x_std_periph_driver/src/n32g45x_usart.o
                0x0800c394                USART_GetFlagStatus
 .text.USART_ClrFlag
                0x0800c3cc       0x24 ./Libraries/N32_Std_Driver/n32g45x_std_periph_driver/src/n32g45x_usart.o
                0x0800c3cc                USART_ClrFlag
 .text.USART_GetIntStatus
                0x0800c3f0       0xb8 ./Libraries/N32_Std_Driver/n32g45x_std_periph_driver/src/n32g45x_usart.o
                0x0800c3f0                USART_GetIntStatus
 .text.USART_ClrIntPendingBit
                0x0800c4a8       0x3c ./Libraries/N32_Std_Driver/n32g45x_std_periph_driver/src/n32g45x_usart.o
                0x0800c4a8                USART_ClrIntPendingBit
 .text.Reset_Handler
                0x0800c4e4       0x44 ./Libraries/N32_Std_Driver/CMSIS/device/startup/startup_n32g45x_gcc.o
                0x0800c4e4                Reset_Handler
 .text.Default_Handler
                0x0800c528        0x2 ./Libraries/N32_Std_Driver/CMSIS/device/startup/startup_n32g45x_gcc.o
                0x0800c528                TIM8_TRG_COM_IRQHandler
                0x0800c528                TIM8_CC_IRQHandler
                0x0800c528                DebugMon_Handler
                0x0800c528                TIM1_CC_IRQHandler
                0x0800c528                TSC_IRQHandler
                0x0800c528                SAC_IRQHandler
                0x0800c528                TIM6_IRQHandler
                0x0800c528                PVD_IRQHandler
                0x0800c528                SDIO_IRQHandler
                0x0800c528                DMA2_Channel8_IRQHandler
                0x0800c528                NMI_Handler
                0x0800c528                CAN2_RX1_IRQHandler
                0x0800c528                I2C3_ER_IRQHandler
                0x0800c528                I2C2_EV_IRQHandler
                0x0800c528                UsageFault_Handler
                0x0800c528                CAN2_SCE_IRQHandler
                0x0800c528                ADC1_2_IRQHandler
                0x0800c528                SPI1_IRQHandler
                0x0800c528                TAMPER_IRQHandler
                0x0800c528                CAN2_RX0_IRQHandler
                0x0800c528                TIM8_UP_IRQHandler
                0x0800c528                DMA2_Channel2_IRQHandler
                0x0800c528                DMA1_Channel4_IRQHandler
                0x0800c528                USART3_IRQHandler
                0x0800c528                DMA1_Channel7_IRQHandler
                0x0800c528                CAN1_RX1_IRQHandler
                0x0800c528                DVP_IRQHandler
                0x0800c528                UART5_IRQHandler
                0x0800c528                TIM4_IRQHandler
                0x0800c528                DMA2_Channel1_IRQHandler
                0x0800c528                I2C1_EV_IRQHandler
                0x0800c528                DMA1_Channel6_IRQHandler
                0x0800c528                UART4_IRQHandler
                0x0800c528                DMA2_Channel4_IRQHandler
                0x0800c528                TIM3_IRQHandler
                0x0800c528                RCC_IRQHandler
                0x0800c528                TIM1_TRG_COM_IRQHandler
                0x0800c528                DMA1_Channel1_IRQHandler
                0x0800c528                Default_Handler
                0x0800c528                DMA2_Channel7_IRQHandler
                0x0800c528                DMA1_Channel8_IRQHandler
                0x0800c528                TIM7_IRQHandler
                0x0800c528                CAN2_TX_IRQHandler
                0x0800c528                TIM5_IRQHandler
                0x0800c528                I2C3_EV_IRQHandler
                0x0800c528                RTC_WKUP_IRQHandler
                0x0800c528                MMU_IRQHandler
                0x0800c528                ETH_WKUP_IRQHandler
                0x0800c528                SPI2_IRQHandler
                0x0800c528                MemManage_Handler
                0x0800c528                SVC_Handler
                0x0800c528                DMA2_Channel5_IRQHandler
                0x0800c528                USB_LP_CAN1_RX0_IRQHandler
                0x0800c528                USB_HP_CAN1_TX_IRQHandler
                0x0800c528                DMA1_Channel3_IRQHandler
                0x0800c528                ETH_IRQHandler
                0x0800c528                TIM1_UP_IRQHandler
                0x0800c528                WWDG_IRQHandler
                0x0800c528                I2C4_EV_IRQHandler
                0x0800c528                DMA2_Channel6_IRQHandler
                0x0800c528                TIM2_IRQHandler
                0x0800c528                TIM1_BRK_IRQHandler
                0x0800c528                ADC3_4_IRQHandler
                0x0800c528                RTCAlarm_IRQHandler
                0x0800c528                UART7_IRQHandler
                0x0800c528                USART2_IRQHandler
                0x0800c528                UART6_IRQHandler
                0x0800c528                XFMC_IRQHandler
                0x0800c528                I2C2_ER_IRQHandler
                0x0800c528                DMA1_Channel2_IRQHandler
                0x0800c528                TIM8_BRK_IRQHandler
                0x0800c528                CAN1_SCE_IRQHandler
                0x0800c528                FLASH_IRQHandler
                0x0800c528                BusFault_Handler
                0x0800c528                SPI3_IRQHandler
                0x0800c528                I2C1_ER_IRQHandler
                0x0800c528                QSPI_IRQHandler
                0x0800c528                I2C4_ER_IRQHandler
                0x0800c528                USBWakeUp_IRQHandler
                0x0800c528                DMA2_Channel3_IRQHandler
 *fill*         0x0800c52a        0x2 00000000
 .text.SystemInit
                0x0800c52c       0xc0 ./Libraries/N32_Std_Driver/CMSIS/device/system_n32g45x.o
                0x0800c52c                SystemInit
 .text.SetSysClock
                0x0800c5ec      0x134 ./Libraries/N32_Std_Driver/CMSIS/device/system_n32g45x.o
 .text.atoi     0x0800c720        0x8 d:/rt-threadstudio/rt-threadstudio/repo/extract/toolchain_support_packages/arm/gnu_tools_for_arm_embedded_processors/5.4.1/bin/../lib/gcc/arm-none-eabi/5.4.1/../../../../arm-none-eabi/lib/armv7e-m/fpu\libc.a(lib_a-atoi.o)
                0x0800c720                atoi
 .text.memcmp   0x0800c728       0x64 d:/rt-threadstudio/rt-threadstudio/repo/extract/toolchain_support_packages/arm/gnu_tools_for_arm_embedded_processors/5.4.1/bin/../lib/gcc/arm-none-eabi/5.4.1/../../../../arm-none-eabi/lib/armv7e-m/fpu\libc.a(lib_a-memcmp.o)
                0x0800c728                memcmp
 .text.memset   0x0800c78c       0x9c d:/rt-threadstudio/rt-threadstudio/repo/extract/toolchain_support_packages/arm/gnu_tools_for_arm_embedded_processors/5.4.1/bin/../lib/gcc/arm-none-eabi/5.4.1/../../../../arm-none-eabi/lib/armv7e-m/fpu\libc.a(lib_a-memset.o)
                0x0800c78c                memset
 .text.strncmp  0x0800c828       0xa0 d:/rt-threadstudio/rt-threadstudio/repo/extract/toolchain_support_packages/arm/gnu_tools_for_arm_embedded_processors/5.4.1/bin/../lib/gcc/arm-none-eabi/5.4.1/../../../../arm-none-eabi/lib/armv7e-m/fpu\libc.a(lib_a-strncmp.o)
                0x0800c828                strncmp
 .text.strncpy  0x0800c8c8       0x68 d:/rt-threadstudio/rt-threadstudio/repo/extract/toolchain_support_packages/arm/gnu_tools_for_arm_embedded_processors/5.4.1/bin/../lib/gcc/arm-none-eabi/5.4.1/../../../../arm-none-eabi/lib/armv7e-m/fpu\libc.a(lib_a-strncpy.o)
                0x0800c8c8                strncpy
 .text._strtol_l.isra.0
                0x0800c930      0x138 d:/rt-threadstudio/rt-threadstudio/repo/extract/toolchain_support_packages/arm/gnu_tools_for_arm_embedded_processors/5.4.1/bin/../lib/gcc/arm-none-eabi/5.4.1/../../../../arm-none-eabi/lib/armv7e-m/fpu\libc.a(lib_a-strtol.o)
 .text.strtol   0x0800ca68       0x2c d:/rt-threadstudio/rt-threadstudio/repo/extract/toolchain_support_packages/arm/gnu_tools_for_arm_embedded_processors/5.4.1/bin/../lib/gcc/arm-none-eabi/5.4.1/../../../../arm-none-eabi/lib/armv7e-m/fpu\libc.a(lib_a-strtol.o)
                0x0800ca68                strtol
 .text.startup.register_fini
                0x0800ca94       0x14 d:/rt-threadstudio/rt-threadstudio/repo/extract/toolchain_support_packages/arm/gnu_tools_for_arm_embedded_processors/5.4.1/bin/../lib/gcc/arm-none-eabi/5.4.1/../../../../arm-none-eabi/lib/armv7e-m/fpu\libc.a(lib_a-__call_atexit.o)
 .text.atexit   0x0800caa8        0xc d:/rt-threadstudio/rt-threadstudio/repo/extract/toolchain_support_packages/arm/gnu_tools_for_arm_embedded_processors/5.4.1/bin/../lib/gcc/arm-none-eabi/5.4.1/../../../../arm-none-eabi/lib/armv7e-m/fpu\libc.a(lib_a-atexit.o)
                0x0800caa8                atexit
 .text.__libc_fini_array
                0x0800cab4       0x28 d:/rt-threadstudio/rt-threadstudio/repo/extract/toolchain_support_packages/arm/gnu_tools_for_arm_embedded_processors/5.4.1/bin/../lib/gcc/arm-none-eabi/5.4.1/../../../../arm-none-eabi/lib/armv7e-m/fpu\libc.a(lib_a-fini.o)
                0x0800cab4                __libc_fini_array
 .text.__locale_ctype_ptr_l
                0x0800cadc        0x8 d:/rt-threadstudio/rt-threadstudio/repo/extract/toolchain_support_packages/arm/gnu_tools_for_arm_embedded_processors/5.4.1/bin/../lib/gcc/arm-none-eabi/5.4.1/../../../../arm-none-eabi/lib/armv7e-m/fpu\libc.a(lib_a-locale.o)
                0x0800cadc                __locale_ctype_ptr_l
 .text.malloc   0x0800cae4       0x10 d:/rt-threadstudio/rt-threadstudio/repo/extract/toolchain_support_packages/arm/gnu_tools_for_arm_embedded_processors/5.4.1/bin/../lib/gcc/arm-none-eabi/5.4.1/../../../../arm-none-eabi/lib/armv7e-m/fpu\libc.a(lib_a-malloc.o)
                0x0800cae4                malloc
 .text.__ascii_mbtowc
                0x0800caf4       0x2c d:/rt-threadstudio/rt-threadstudio/repo/extract/toolchain_support_packages/arm/gnu_tools_for_arm_embedded_processors/5.4.1/bin/../lib/gcc/arm-none-eabi/5.4.1/../../../../arm-none-eabi/lib/armv7e-m/fpu\libc.a(lib_a-mbtowc_r.o)
                0x0800caf4                __ascii_mbtowc
 .text.__ascii_wctomb
                0x0800cb20       0x1c d:/rt-threadstudio/rt-threadstudio/repo/extract/toolchain_support_packages/arm/gnu_tools_for_arm_embedded_processors/5.4.1/bin/../lib/gcc/arm-none-eabi/5.4.1/../../../../arm-none-eabi/lib/armv7e-m/fpu\libc.a(lib_a-wctomb_r.o)
                0x0800cb20                __ascii_wctomb
 .text.__register_exitproc
                0x0800cb3c       0xa4 d:/rt-threadstudio/rt-threadstudio/repo/extract/toolchain_support_packages/arm/gnu_tools_for_arm_embedded_processors/5.4.1/bin/../lib/gcc/arm-none-eabi/5.4.1/../../../../arm-none-eabi/lib/armv7e-m/fpu\libc.a(lib_a-__atexit.o)
                0x0800cb3c                __register_exitproc
 *(.rodata)
 .rodata        0x0800cbe0       0x17 ./rt-thread/src/components.o
 *fill*         0x0800cbf7        0x1 00000000
 .rodata        0x0800cbf8       0xf4 ./rt-thread/src/device.o
 .rodata        0x0800ccec       0x34 ./rt-thread/src/idle.o
 .rodata        0x0800cd20      0x476 ./rt-thread/src/ipc.o
 *fill*         0x0800d196        0x2 00000000
 .rodata        0x0800d198       0xd7 ./rt-thread/src/kservice.o
 *fill*         0x0800d26f        0x1 00000000
 .rodata        0x0800d270      0x2fa ./rt-thread/src/mem.o
 *fill*         0x0800d56a        0x2 00000000
 .rodata        0x0800d56c       0x91 ./rt-thread/src/object.o
 *fill*         0x0800d5fd        0x3 00000000
 .rodata        0x0800d600       0x65 ./rt-thread/src/scheduler.o
 *fill*         0x0800d665        0x3 00000000
 .rodata        0x0800d668      0x19e ./rt-thread/src/thread.o
 *fill*         0x0800d806        0x2 00000000
 .rodata        0x0800d808       0xde ./rt-thread/src/timer.o
 *fill*         0x0800d8e6        0x2 00000000
 .rodata        0x0800d8e8      0x2ce ./rt-thread/libcpu/arm/cortex-m4/cpuport.o
 *fill*         0x0800dbb6        0x2 00000000
 .rodata        0x0800dbb8      0x665 ./rt-thread/components/finsh/cmd.o
 *fill*         0x0800e21d        0x3 00000000
 .rodata        0x0800e220       0x78 ./rt-thread/components/finsh/msh.o
 .rodata        0x0800e298       0x91 ./rt-thread/components/finsh/shell.o
 *fill*         0x0800e329        0x3 00000000
 .rodata        0x0800e32c       0x72 ./rt-thread/components/drivers/src/completion.o
 *fill*         0x0800e39e        0x2 00000000
 .rodata        0x0800e3a0       0x90 ./rt-thread/components/drivers/src/dataqueue.o
 .rodata        0x0800e430      0x19a ./rt-thread/components/drivers/serial/serial.o
 *fill*         0x0800e5ca        0x2 00000000
 .rodata        0x0800e5cc       0x37 ./rt-thread/components/drivers/misc/pin.o
 *fill*         0x0800e603        0x1 00000000
 .rodata        0x0800e604      0x1ab ./rt-thread/components/drivers/misc/rt_drv_pwm.o
 *fill*         0x0800e7af        0x1 00000000
 .rodata        0x0800e7b0       0x5d ./board/msp/n32_msp.o
 *fill*         0x0800e80d        0x3 00000000
 .rodata        0x0800e810        0x6 ./board/board.o
 *fill*         0x0800e816        0x2 00000000
 .rodata        0x0800e818       0x17 ./applications/spi/spi.o
 *fill*         0x0800e82f        0x1 00000000
 .rodata        0x0800e830        0xb ./applications/led/led.o
 *fill*         0x0800e83b        0x1 00000000
 .rodata        0x0800e83c       0x18 ./applications/lcd/lcd.o
 .rodata        0x0800e854        0x4 ./Libraries/rt_drivers/drv_gpio.o
 .rodata        0x0800e858       0x6b ./Libraries/rt_drivers/drv_pwm.o
 *fill*         0x0800e8c3        0x1 00000000
 .rodata        0x0800e8c4       0x64 ./Libraries/rt_drivers/drv_usart.o
 *(.rodata*)
 .rodata.__FUNCTION__.5160
                0x0800e928       0x14 ./rt-thread/src/components.o
 .rodata.__FUNCTION__.5069
                0x0800e93c        0xf ./rt-thread/src/device.o
 *fill*         0x0800e94b        0x1 00000000
 .rodata.__FUNCTION__.5074
                0x0800e94c       0x10 ./rt-thread/src/device.o
 .rodata.__FUNCTION__.5081
                0x0800e95c        0xf ./rt-thread/src/device.o
 *fill*         0x0800e96b        0x1 00000000
 .rodata.__FUNCTION__.5088
                0x0800e96c       0x10 ./rt-thread/src/device.o
 .rodata.__FUNCTION__.5094
                0x0800e97c       0x12 ./rt-thread/src/device.o
 *fill*         0x0800e98e        0x2 00000000
 .rodata.__FUNCTION__.5101
                0x0800e990       0x1a ./rt-thread/src/device.o
 *fill*         0x0800e9aa        0x2 00000000
 .rodata.__FUNCTION__.5152
                0x0800e9ac       0x13 ./rt-thread/src/idle.o
 *fill*         0x0800e9bf        0x1 00000000
 .rodata.__FUNCTION__.5153
                0x0800e9c0        0xc ./rt-thread/src/ipc.o
 .rodata.__FUNCTION__.5177
                0x0800e9cc        0xc ./rt-thread/src/ipc.o
 .rodata.__FUNCTION__.5134
                0x0800e9d8       0x12 ./rt-thread/src/ipc.o
 *fill*         0x0800e9ea        0x2 00000000
 .rodata.__FUNCTION__.5188
                0x0800e9ec        0xf ./rt-thread/src/ipc.o
 *fill*         0x0800e9fb        0x1 00000000
 .rodata.__lowest_bit_bitmap
                0x0800e9fc      0x100 ./rt-thread/src/kservice.o
                0x0800e9fc                __lowest_bit_bitmap
 .rodata.large_digits.5285
                0x0800eafc       0x11 ./rt-thread/src/kservice.o
 *fill*         0x0800eb0d        0x3 00000000
 .rodata.small_digits.5284
                0x0800eb10       0x11 ./rt-thread/src/kservice.o
 *fill*         0x0800eb21        0x3 00000000
 .rodata.__FUNCTION__.5142
                0x0800eb24        0xb ./rt-thread/src/mem.o
 *fill*         0x0800eb2f        0x1 00000000
 .rodata.__FUNCTION__.5151
                0x0800eb30       0x14 ./rt-thread/src/mem.o
 .rodata.__FUNCTION__.5160
                0x0800eb44        0xa ./rt-thread/src/mem.o
 *fill*         0x0800eb4e        0x2 00000000
 .rodata.__FUNCTION__.5189
                0x0800eb50        0x8 ./rt-thread/src/mem.o
 .rodata.__FUNCTION__.5191
                0x0800eb58        0xf ./rt-thread/src/object.o
 *fill*         0x0800eb67        0x1 00000000
 .rodata.__FUNCTION__.5200
                0x0800eb68       0x11 ./rt-thread/src/object.o
 *fill*         0x0800eb79        0x3 00000000
 .rodata.__FUNCTION__.5209
                0x0800eb7c       0x13 ./rt-thread/src/object.o
 *fill*         0x0800eb8f        0x1 00000000
 .rodata.__FUNCTION__.5214
                0x0800eb90       0x11 ./rt-thread/src/object.o
 *fill*         0x0800eba1        0x3 00000000
 .rodata.__FUNCTION__.5218
                0x0800eba4       0x1a ./rt-thread/src/object.o
 *fill*         0x0800ebbe        0x2 00000000
 .rodata.__FUNCTION__.5222
                0x0800ebc0       0x13 ./rt-thread/src/object.o
 *fill*         0x0800ebd3        0x1 00000000
 .rodata.__FUNCTION__.5231
                0x0800ebd4        0xf ./rt-thread/src/object.o
 *fill*         0x0800ebe3        0x1 00000000
 .rodata.__FUNCTION__.5134
                0x0800ebe4       0x1a ./rt-thread/src/scheduler.o
 *fill*         0x0800ebfe        0x2 00000000
 .rodata.__FUNCTION__.5172
                0x0800ec00       0x1a ./rt-thread/src/scheduler.o
 *fill*         0x0800ec1a        0x2 00000000
 .rodata.__FUNCTION__.5178
                0x0800ec1c       0x1a ./rt-thread/src/scheduler.o
 *fill*         0x0800ec36        0x2 00000000
 .rodata.__FUNCTION__.5149
                0x0800ec38        0xd ./rt-thread/src/thread.o
 *fill*         0x0800ec45        0x3 00000000
 .rodata.__FUNCTION__.5161
                0x0800ec48        0xf ./rt-thread/src/thread.o
 *fill*         0x0800ec57        0x1 00000000
 .rodata.__FUNCTION__.5170
                0x0800ec58       0x12 ./rt-thread/src/thread.o
 *fill*         0x0800ec6a        0x2 00000000
 .rodata.__FUNCTION__.5202
                0x0800ec6c       0x10 ./rt-thread/src/thread.o
 .rodata.__FUNCTION__.5237
                0x0800ec7c       0x12 ./rt-thread/src/thread.o
 *fill*         0x0800ec8e        0x2 00000000
 .rodata.__FUNCTION__.5242
                0x0800ec90       0x11 ./rt-thread/src/thread.o
 *fill*         0x0800eca1        0x3 00000000
 .rodata.__FUNCTION__.5248
                0x0800eca4       0x12 ./rt-thread/src/thread.o
 *fill*         0x0800ecb6        0x2 00000000
 .rodata.__FUNCTION__.5166
                0x0800ecb8        0xe ./rt-thread/src/timer.o
 *fill*         0x0800ecc6        0x2 00000000
 .rodata.__FUNCTION__.5171
                0x0800ecc8       0x10 ./rt-thread/src/timer.o
 .rodata.__FUNCTION__.5196
                0x0800ecd8        0xf ./rt-thread/src/timer.o
 *fill*         0x0800ece7        0x1 00000000
 .rodata.__FUNCTION__.5213
                0x0800ece8        0xe ./rt-thread/src/timer.o
 *fill*         0x0800ecf6        0x2 00000000
 .rodata.__FUNCTION__.5220
                0x0800ecf8       0x11 ./rt-thread/src/timer.o
 *fill*         0x0800ed09        0x3 00000000
 .rodata.name   0x0800ed0c      0x1e4 ./rt-thread/components/finsh/cmd.o
                0x0800ed0c                __fsym_hello_name
                0x0800ed14                __fsym_hello_desc
                0x0800ed24                __fsym_clear_name
                0x0800ed2c                __fsym_clear_desc
                0x0800ed48                __fsym_version_name
                0x0800ed50                __fsym_version_desc
                0x0800ed78                __fsym_list_thread_name
                0x0800ed84                __fsym_list_thread_desc
                0x0800ed90                __fsym_list_sem_name
                0x0800ed9c                __fsym_list_sem_desc
                0x0800edb8                __fsym_list_event_name
                0x0800edc4                __fsym_list_event_desc
                0x0800eddc                __fsym_list_mutex_name
                0x0800ede8                __fsym_list_mutex_desc
                0x0800ee00                __fsym_list_mailbox_name
                0x0800ee10                __fsym_list_mailbox_desc
                0x0800ee28                __fsym_list_msgqueue_name
                0x0800ee38                __fsym_list_msgqueue_desc
                0x0800ee58                __fsym_list_mempool_name
                0x0800ee68                __fsym_list_mempool_desc
                0x0800ee84                __fsym_list_timer_name
                0x0800ee90                __fsym_list_timer_desc
                0x0800eea8                __fsym_list_device_name
                0x0800eeb4                __fsym_list_device_desc
                0x0800eecc                __fsym_list_name
                0x0800eed4                __fsym_list_desc
 .rodata.device_type_str
                0x0800eef0       0x64 ./rt-thread/components/finsh/cmd.o
 .rodata.name   0x0800ef54       0x6d ./rt-thread/components/finsh/msh.o
                0x0800ef54                __fsym_help_name
                0x0800ef5c                __fsym_help_desc
                0x0800ef74                __fsym_ps_name
                0x0800ef78                __fsym_ps_desc
                0x0800ef94                __fsym_free_name
                0x0800ef9c                __fsym_free_desc
 *fill*         0x0800efc1        0x3 00000000
 .rodata.__FUNCTION__.5550
                0x0800efc4        0xe ./rt-thread/components/finsh/msh.o
 *fill*         0x0800efd2        0x2 00000000
 .rodata.__FUNCTION__.6348
                0x0800efd4       0x16 ./rt-thread/components/finsh/shell.o
 *fill*         0x0800efea        0x2 00000000
 .rodata.__FUNCTION__.6354
                0x0800efec        0xe ./rt-thread/components/finsh/shell.o
 *fill*         0x0800effa        0x2 00000000
 .rodata.__FUNCTION__.6362
                0x0800effc        0xd ./rt-thread/components/finsh/shell.o
 *fill*         0x0800f009        0x3 00000000
 .rodata.__FUNCTION__.6367
                0x0800f00c       0x11 ./rt-thread/components/finsh/shell.o
 *fill*         0x0800f01d        0x3 00000000
 .rodata.__FUNCTION__.6302
                0x0800f020       0x13 ./rt-thread/components/drivers/src/completion.o
 *fill*         0x0800f033        0x1 00000000
 .rodata.__FUNCTION__.6310
                0x0800f034       0x13 ./rt-thread/components/drivers/src/completion.o
 *fill*         0x0800f047        0x1 00000000
 .rodata.__FUNCTION__.6317
                0x0800f048       0x13 ./rt-thread/components/drivers/src/completion.o
 *fill*         0x0800f05b        0x1 00000000
 .rodata.__FUNCTION__.6308
                0x0800f05c       0x13 ./rt-thread/components/drivers/src/dataqueue.o
 *fill*         0x0800f06f        0x1 00000000
 .rodata.__FUNCTION__.6318
                0x0800f070       0x13 ./rt-thread/components/drivers/src/dataqueue.o
 *fill*         0x0800f083        0x1 00000000
 .rodata.__FUNCTION__.6333
                0x0800f084       0x12 ./rt-thread/components/drivers/src/dataqueue.o
 *fill*         0x0800f096        0x2 00000000
 .rodata.__FUNCTION__.6345
                0x0800f098       0x13 ./rt-thread/components/drivers/src/dataqueue.o
 *fill*         0x0800f0ab        0x1 00000000
 .rodata.__FUNCTION__.6351
                0x0800f0ac       0x14 ./rt-thread/components/drivers/src/dataqueue.o
 .rodata.__FUNCTION__.6362
                0x0800f0c0       0x15 ./rt-thread/components/drivers/src/dataqueue.o
 *fill*         0x0800f0d5        0x3 00000000
 .rodata.__FUNCTION__.6368
                0x0800f0d8       0x12 ./rt-thread/components/drivers/src/dataqueue.o
 *fill*         0x0800f0ea        0x2 00000000
 .rodata.__FUNCTION__.6351
                0x0800f0ec       0x1d ./rt-thread/components/drivers/serial/serial.o
 *fill*         0x0800f109        0x3 00000000
 .rodata.__FUNCTION__.6360
                0x0800f10c       0x1d ./rt-thread/components/drivers/serial/serial.o
 *fill*         0x0800f129        0x3 00000000
 .rodata.__FUNCTION__.6366
                0x0800f12c       0x1d ./rt-thread/components/drivers/serial/serial.o
 *fill*         0x0800f149        0x3 00000000
 .rodata.__FUNCTION__.6392
                0x0800f14c        0xf ./rt-thread/components/drivers/serial/serial.o
 *fill*         0x0800f15b        0x1 00000000
 .rodata.__FUNCTION__.6399
                0x0800f15c        0xf ./rt-thread/components/drivers/serial/serial.o
 *fill*         0x0800f16b        0x1 00000000
 .rodata.__FUNCTION__.6409
                0x0800f16c       0x10 ./rt-thread/components/drivers/serial/serial.o
 .rodata.__FUNCTION__.6422
                0x0800f17c        0xf ./rt-thread/components/drivers/serial/serial.o
 *fill*         0x0800f18b        0x1 00000000
 .rodata.__FUNCTION__.6326
                0x0800f18c        0xf ./rt-thread/components/drivers/serial/serial.o
 *fill*         0x0800f19b        0x1 00000000
 .rodata.__FUNCTION__.6373
                0x0800f19c        0xf ./rt-thread/components/drivers/serial/serial.o
 *fill*         0x0800f1ab        0x1 00000000
 .rodata.__FUNCTION__.6305
                0x0800f1ac       0x10 ./rt-thread/components/drivers/serial/serial.o
 .rodata.__FUNCTION__.6430
                0x0800f1bc       0x10 ./rt-thread/components/drivers/serial/serial.o
 .rodata.__FUNCTION__.6339
                0x0800f1cc        0xf ./rt-thread/components/drivers/serial/serial.o
 *fill*         0x0800f1db        0x1 00000000
 .rodata.__FUNCTION__.6315
                0x0800f1dc       0x10 ./rt-thread/components/drivers/serial/serial.o
 .rodata.__FUNCTION__.6438
                0x0800f1ec       0x12 ./rt-thread/components/drivers/serial/serial.o
 *fill*         0x0800f1fe        0x2 00000000
 .rodata.__FUNCTION__.6453
                0x0800f200       0x16 ./rt-thread/components/drivers/serial/serial.o
 *fill*         0x0800f216        0x2 00000000
 .rodata.__FUNCTION__.6462
                0x0800f218       0x11 ./rt-thread/components/drivers/serial/serial.o
 *fill*         0x0800f229        0x3 00000000
 .rodata.__FUNCTION__.5114
                0x0800f22c        0xa ./rt-thread/components/drivers/misc/pin.o
 *fill*         0x0800f236        0x2 00000000
 .rodata.__FUNCTION__.5123
                0x0800f238        0xb ./rt-thread/components/drivers/misc/pin.o
 *fill*         0x0800f243        0x1 00000000
 .rodata.__FUNCTION__.5131
                0x0800f244        0xd ./rt-thread/components/drivers/misc/pin.o
 *fill*         0x0800f251        0x3 00000000
 .rodata.__FUNCTION__.5158
                0x0800f254        0xc ./rt-thread/components/drivers/misc/pin.o
 .rodata.__FUNCTION__.5163
                0x0800f260        0xd ./rt-thread/components/drivers/misc/pin.o
 *fill*         0x0800f26d        0x3 00000000
 .rodata.name   0x0800f270       0xc8 ./rt-thread/components/drivers/misc/rt_drv_pwm.o
                0x0800f270                __fsym_pwm_enable_name
                0x0800f27c                __fsym_pwm_enable_desc
                0x0800f2a4                __fsym_pwm_disable_name
                0x0800f2b0                __fsym_pwm_disable_desc
                0x0800f2dc                __fsym_pwm_set_name
                0x0800f2e4                __fsym_pwm_set_desc
                0x0800f314                __fsym_pwm_get_name
                0x0800f31c                __fsym_pwm_get_desc
 .rodata.name   0x0800f338       0x3f ./board/msp/n32_msp.o
                0x0800f338                __fsym_pwm_led_sample_name
                0x0800f348                __fsym_pwm_led_sample_desc
                0x0800f354                __fsym_pwm_led_sample_off_name
                0x0800f368                __fsym_pwm_led_sample_off_desc
 *fill*         0x0800f377        0x1 00000000
 .rodata.name   0x0800f378       0x16 ./Libraries/rt_drivers/drv_common.o
                0x0800f378                __fsym_reboot_name
                0x0800f380                __fsym_reboot_desc
 *fill*         0x0800f38e        0x2 00000000
 .rodata.pins   0x0800f390      0x514 ./Libraries/rt_drivers/drv_gpio.o
 .rodata.pin_irq_map
                0x0800f8a4       0xc0 ./Libraries/rt_drivers/drv_gpio.o
 .rodata._n32_pin_ops
                0x0800f964       0x1c ./Libraries/rt_drivers/drv_gpio.o
 .rodata.n32_uart_ops
                0x0800f980       0x14 ./Libraries/rt_drivers/drv_usart.o
 .rodata.__FUNCTION__.10582
                0x0800f994       0x13 ./Libraries/rt_drivers/drv_usart.o
 *fill*         0x0800f9a7        0x1 00000000
 .rodata.__FUNCTION__.10590
                0x0800f9a8       0x11 ./Libraries/rt_drivers/drv_usart.o
 *fill*         0x0800f9b9        0x3 00000000
 .rodata.__FUNCTION__.10600
                0x0800f9bc        0xe ./Libraries/rt_drivers/drv_usart.o
 *fill*         0x0800f9ca        0x2 00000000
 .rodata.__FUNCTION__.10609
                0x0800f9cc        0xe ./Libraries/rt_drivers/drv_usart.o
 *fill*         0x0800f9da        0x2 00000000
 .rodata.__FUNCTION__.10627
                0x0800f9dc        0x9 ./Libraries/rt_drivers/drv_usart.o
 *fill*         0x0800f9e5        0x3 00000000
 .rodata.s_ApbAhbPresTable
                0x0800f9e8       0x10 ./Libraries/N32_Std_Driver/n32g45x_std_periph_driver/src/n32g45x_rcc.o
 .rodata.s_AdcHclkPresTable
                0x0800f9f8       0x10 ./Libraries/N32_Std_Driver/n32g45x_std_periph_driver/src/n32g45x_rcc.o
 .rodata.s_AdcPllClkPresTable
                0x0800fa08       0x20 ./Libraries/N32_Std_Driver/n32g45x_std_periph_driver/src/n32g45x_rcc.o
 .rodata._global_impure_ptr
                0x0800fa28        0x4 d:/rt-threadstudio/rt-threadstudio/repo/extract/toolchain_support_packages/arm/gnu_tools_for_arm_embedded_processors/5.4.1/bin/../lib/gcc/arm-none-eabi/5.4.1/../../../../arm-none-eabi/lib/armv7e-m/fpu\libc.a(lib_a-impure.o)
                0x0800fa28                _global_impure_ptr
 .rodata.str1.4
                0x0800fa2c       0x14 d:/rt-threadstudio/rt-threadstudio/repo/extract/toolchain_support_packages/arm/gnu_tools_for_arm_embedded_processors/5.4.1/bin/../lib/gcc/arm-none-eabi/5.4.1/../../../../arm-none-eabi/lib/armv7e-m/fpu\libc.a(lib_a-locale.o)
                                 0x12 (size before relaxing)
 .rodata._ctype_
                0x0800fa40      0x101 d:/rt-threadstudio/rt-threadstudio/repo/extract/toolchain_support_packages/arm/gnu_tools_for_arm_embedded_processors/5.4.1/bin/../lib/gcc/arm-none-eabi/5.4.1/../../../../arm-none-eabi/lib/armv7e-m/fpu\libc.a(lib_a-ctype_.o)
                0x0800fa40                _ctype_
 *(.glue_7)
 .glue_7        0x0800fb41        0x0 linker stubs
 *(.glue_7t)
 .glue_7t       0x0800fb41        0x0 linker stubs
 *(.gnu.linkonce.t*)
                0x0800fb44                . = ALIGN (0x4)
 *fill*         0x0800fb41        0x3 00000000
                0x0800fb44                __fsymtab_start = .
 *(FSymTab)
 FSymTab        0x0800fb44       0x9c ./rt-thread/components/finsh/cmd.o
                0x0800fb44                __fsym_hello
                0x0800fb50                __fsym_clear
                0x0800fb5c                __fsym_version
                0x0800fb68                __fsym_list_thread
                0x0800fb74                __fsym_list_sem
                0x0800fb80                __fsym_list_event
                0x0800fb8c                __fsym_list_mutex
                0x0800fb98                __fsym_list_mailbox
                0x0800fba4                __fsym_list_msgqueue
                0x0800fbb0                __fsym_list_mempool
                0x0800fbbc                __fsym_list_timer
                0x0800fbc8                __fsym_list_device
                0x0800fbd4                __fsym_list
 FSymTab        0x0800fbe0       0x24 ./rt-thread/components/finsh/msh.o
                0x0800fbe0                __fsym_help
                0x0800fbec                __fsym_ps
                0x0800fbf8                __fsym_free
 FSymTab        0x0800fc04       0x30 ./rt-thread/components/drivers/misc/rt_drv_pwm.o
                0x0800fc04                __fsym_pwm_enable
                0x0800fc10                __fsym_pwm_disable
                0x0800fc1c                __fsym_pwm_set
                0x0800fc28                __fsym_pwm_get
 FSymTab        0x0800fc34       0x18 ./board/msp/n32_msp.o
                0x0800fc34                __fsym_pwm_led_sample
                0x0800fc40                __fsym_pwm_led_sample_off
 FSymTab        0x0800fc4c        0xc ./Libraries/rt_drivers/drv_common.o
                0x0800fc4c                __fsym_reboot
                0x0800fc58                __fsymtab_end = .
                0x0800fc58                . = ALIGN (0x4)
                0x0800fc58                __vsymtab_start = .
 *(VSymTab)
                0x0800fc58                __vsymtab_end = .
                0x0800fc58                . = ALIGN (0x4)
                0x0800fc58                __rt_init_start = .
 *(SORT(.rti_fn*))
 .rti_fn.0      0x0800fc58        0x4 ./rt-thread/src/components.o
                0x0800fc58                __rt_init_rti_start
 .rti_fn.0.end  0x0800fc5c        0x4 ./rt-thread/src/components.o
                0x0800fc5c                __rt_init_rti_board_start
 .rti_fn.1      0x0800fc60        0x4 ./Libraries/rt_drivers/drv_gpio.o
                0x0800fc60                __rt_init_n32_hw_pin_init
 .rti_fn.1      0x0800fc64        0x4 ./Libraries/rt_drivers/drv_pwm.o
                0x0800fc64                __rt_init_rt_hw_pwm_init
 .rti_fn.1      0x0800fc68        0x4 ./Libraries/rt_drivers/drv_usart.o
                0x0800fc68                __rt_init_rt_hw_usart_init
 .rti_fn.1.end  0x0800fc6c        0x4 ./rt-thread/src/components.o
                0x0800fc6c                __rt_init_rti_board_end
 .rti_fn.4      0x0800fc70        0x4 ./rt-thread/components/libc/compilers/gcc/newlib/libc.o
                0x0800fc70                __rt_init_libc_system_init
 .rti_fn.6      0x0800fc74        0x4 ./rt-thread/components/finsh/shell.o
                0x0800fc74                __rt_init_finsh_system_init
 .rti_fn.6.end  0x0800fc78        0x4 ./rt-thread/src/components.o
                0x0800fc78                __rt_init_rti_end
                0x0800fc7c                __rt_init_end = .
                0x0800fc7c                . = ALIGN (0x4)
                [!provide]                PROVIDE (__ctors_start__, .)
 *(SORT(.init_array.*))
 .init_array.00000
                0x0800fc7c        0x4 d:/rt-threadstudio/rt-threadstudio/repo/extract/toolchain_support_packages/arm/gnu_tools_for_arm_embedded_processors/5.4.1/bin/../lib/gcc/arm-none-eabi/5.4.1/../../../../arm-none-eabi/lib/armv7e-m/fpu\libc.a(lib_a-__call_atexit.o)
 *(.init_array)
 .init_array    0x0800fc80        0x4 d:/rt-threadstudio/rt-threadstudio/repo/extract/toolchain_support_packages/arm/gnu_tools_for_arm_embedded_processors/5.4.1/bin/../lib/gcc/arm-none-eabi/5.4.1/armv7e-m/fpu/crtbegin.o
                [!provide]                PROVIDE (__ctors_end__, .)
                0x0800fc84                . = ALIGN (0x4)
                0x0800fc84                _etext = .
                0x0800fc84                __exidx_start = .

.vfp11_veneer   0x0800fc84        0x0
 .vfp11_veneer  0x0800fc84        0x0 linker stubs

.v4_bx          0x0800fc84        0x0
 .v4_bx         0x0800fc84        0x0 linker stubs

.init           0x0800fc84        0x4
 .init          0x0800fc84        0x4 d:/rt-threadstudio/rt-threadstudio/repo/extract/toolchain_support_packages/arm/gnu_tools_for_arm_embedded_processors/5.4.1/bin/../lib/gcc/arm-none-eabi/5.4.1/armv7e-m/fpu/crti.o
                0x0800fc84                _init

.fini           0x0800fc88        0x4
 .fini          0x0800fc88        0x4 d:/rt-threadstudio/rt-threadstudio/repo/extract/toolchain_support_packages/arm/gnu_tools_for_arm_embedded_processors/5.4.1/bin/../lib/gcc/arm-none-eabi/5.4.1/armv7e-m/fpu/crti.o
                0x0800fc88                _fini

.iplt           0x0800fc8c        0x0
 .iplt          0x0800fc8c        0x0 d:/rt-threadstudio/rt-threadstudio/repo/extract/toolchain_support_packages/arm/gnu_tools_for_arm_embedded_processors/5.4.1/bin/../lib/gcc/arm-none-eabi/5.4.1/armv7e-m/fpu/crtbegin.o

.eh_frame       0x0800fc8c        0x0
 .eh_frame      0x0800fc8c        0x0 d:/rt-threadstudio/rt-threadstudio/repo/extract/toolchain_support_packages/arm/gnu_tools_for_arm_embedded_processors/5.4.1/bin/../lib/gcc/arm-none-eabi/5.4.1/armv7e-m/fpu/crtbegin.o

.ARM.exidx      0x0800fc8c        0x8
 *(.ARM.exidx* .gnu.linkonce.armexidx.*)
 .ARM.exidx     0x0800fc8c        0x8 d:/rt-threadstudio/rt-threadstudio/repo/extract/toolchain_support_packages/arm/gnu_tools_for_arm_embedded_processors/5.4.1/bin/../lib/gcc/arm-none-eabi/5.4.1/armv7e-m/fpu\libgcc.a(_udivmoddi4.o)
                0x0800fc94                _sidata = .
                0x0800fc94                __exidx_end = .

.rel.dyn        0x0800fc94        0x0
 .rel.iplt      0x0800fc94        0x0 d:/rt-threadstudio/rt-threadstudio/repo/extract/toolchain_support_packages/arm/gnu_tools_for_arm_embedded_processors/5.4.1/bin/../lib/gcc/arm-none-eabi/5.4.1/armv7e-m/fpu/crtbegin.o

.data           0x20000000      0x860 load address 0x0800fc94
                0x20000000                . = ALIGN (0x4)
                0x20000000                _sdata = .
 *(.data)
 *(.data.*)
 .data._rt_thread_defunct
                0x20000000        0x8 ./rt-thread/src/idle.o
 .data._object_container
                0x20000008       0x90 ./rt-thread/src/object.o
 .data._soft_timer_status
                0x20000098        0x1 ./rt-thread/src/timer.o
 *fill*         0x20000099        0x3 
 .data.pin_irq_hdr_tab
                0x2000009c       0xc0 ./Libraries/rt_drivers/drv_gpio.o
                0x2000009c                pin_irq_hdr_tab
 .data.n32_pwm_obj
                0x2000015c      0x140 ./Libraries/rt_drivers/drv_pwm.o
 .data.drv_ops  0x2000029c        0x4 ./Libraries/rt_drivers/drv_pwm.o
 .data.uart1    0x200002a0       0x20 ./Libraries/rt_drivers/drv_usart.o
                0x200002a0                uart1
 .data.SystemCoreClock
                0x200002c0        0x4 ./Libraries/N32_Std_Driver/CMSIS/device/system_n32g45x.o
                0x200002c0                SystemCoreClock
 *fill*         0x200002c4        0x4 
 .data.impure_data
                0x200002c8      0x428 d:/rt-threadstudio/rt-threadstudio/repo/extract/toolchain_support_packages/arm/gnu_tools_for_arm_embedded_processors/5.4.1/bin/../lib/gcc/arm-none-eabi/5.4.1/../../../../arm-none-eabi/lib/armv7e-m/fpu\libc.a(lib_a-impure.o)
 .data._impure_ptr
                0x200006f0        0x4 d:/rt-threadstudio/rt-threadstudio/repo/extract/toolchain_support_packages/arm/gnu_tools_for_arm_embedded_processors/5.4.1/bin/../lib/gcc/arm-none-eabi/5.4.1/../../../../arm-none-eabi/lib/armv7e-m/fpu\libc.a(lib_a-impure.o)
                0x200006f0                _impure_ptr
 .data.__global_locale
                0x200006f4      0x16c d:/rt-threadstudio/rt-threadstudio/repo/extract/toolchain_support_packages/arm/gnu_tools_for_arm_embedded_processors/5.4.1/bin/../lib/gcc/arm-none-eabi/5.4.1/../../../../arm-none-eabi/lib/armv7e-m/fpu\libc.a(lib_a-locale.o)
                0x200006f4                __global_locale